
Optional file libmchp_peripheral.a not found

Optional file libmchp_peripheral_32MX130F064B.a not found
Archive member included because of file (symbol)

c:/program files/microchip/xc32/v2.41/bin/bin/../../lib/gcc/pic32mx/4.8.3/../../../../pic32mx/lib\libpic32.a(memset.o)
                              build/default/production/_ext/568870469/drv_spi.o (memset)
c:/program files/microchip/xc32/v2.41/bin/bin/../../lib/gcc/pic32mx/4.8.3/../../../../pic32mx/lib\libpic32.a(strcpy.o)
                              build/default/production/_ext/659856560/gps_config.o (strcpy)
c:/program files/microchip/xc32/v2.41/bin/bin/../../lib/gcc/pic32mx/4.8.3/../../../../pic32mx/lib\libpic32.a(strlen.o)
                              build/default/production/_ext/659856560/gps_config.o (strlen)
c:/program files/microchip/xc32/v2.41/bin/bin/../../lib/gcc/pic32mx/4.8.3/../../../../pic32mx/lib\libpic32.a(default-bootstrap-exception-handler.o)
                              C:\Users\Ana\AppData\Local\Temp\cc4MoQW1.o (_bootstrap_exception_handler)
c:/program files/microchip/xc32/v2.41/bin/bin/../../lib/gcc/pic32mx/4.8.3/../../../../pic32mx/lib\libpic32.a(default-on-reset.o)
                              C:\Users\Ana\AppData\Local\Temp\cc4MoQW1.o (_on_reset)
c:/program files/microchip/xc32/v2.41/bin/bin/../../lib/gcc/pic32mx/4.8.3/../../../../pic32mx/lib\libpic32.a(default-on-bootstrap.o)
                              C:\Users\Ana\AppData\Local\Temp\cc4MoQW1.o (_on_bootstrap)
c:/program files/microchip/xc32/v2.41/bin/bin/../../lib/gcc/pic32mx/4.8.3/../../../../pic32mx/lib\libpic32.a(default-nmi-handler.o)
                              C:\Users\Ana\AppData\Local\Temp\cc4MoQW1.o (_nmi_handler)
c:/program files/microchip/xc32/v2.41/bin/bin/../../lib/gcc/pic32mx/4.8.3/../../../../pic32mx/lib\libpic32.a(pic32_data_init.o)
                              C:\Users\Ana\AppData\Local\Temp\cc4MoQW1.o (__pic32_data_init)
c:/program files/microchip/xc32/v2.41/bin/bin/../../lib/gcc/pic32mx/4.8.3/../../../../pic32mx/lib\libpic32.a(general-exception.o)
                              C:\Users\Ana\AppData\Local\Temp\cc4MoQW1.o (_general_exception_context)
c:/program files/microchip/xc32/v2.41/bin/bin/../../lib/gcc/pic32mx/4.8.3/../../../../pic32mx/lib\libpic32.a(vector0.o)
                              C:\Users\Ana\AppData\Local\Temp\ccionrpP.o (__vector_dispatch_0)
c:/program files/microchip/xc32/v2.41/bin/bin/../../lib/gcc/pic32mx/4.8.3/../../../../pic32mx/lib\libpic32.a(vector1.o)
                              C:\Users\Ana\AppData\Local\Temp\ccionrpP.o (__vector_dispatch_1)
c:/program files/microchip/xc32/v2.41/bin/bin/../../lib/gcc/pic32mx/4.8.3/../../../../pic32mx/lib\libpic32.a(vector2.o)
                              C:\Users\Ana\AppData\Local\Temp\ccionrpP.o (__vector_dispatch_2)
c:/program files/microchip/xc32/v2.41/bin/bin/../../lib/gcc/pic32mx/4.8.3/../../../../pic32mx/lib\libpic32.a(vector3.o)
                              C:\Users\Ana\AppData\Local\Temp\ccionrpP.o (__vector_dispatch_3)
c:/program files/microchip/xc32/v2.41/bin/bin/../../lib/gcc/pic32mx/4.8.3/../../../../pic32mx/lib\libpic32.a(vector4.o)
                              C:\Users\Ana\AppData\Local\Temp\ccionrpP.o (__vector_dispatch_4)
c:/program files/microchip/xc32/v2.41/bin/bin/../../lib/gcc/pic32mx/4.8.3/../../../../pic32mx/lib\libpic32.a(vector5.o)
                              C:\Users\Ana\AppData\Local\Temp\ccionrpP.o (__vector_dispatch_5)
c:/program files/microchip/xc32/v2.41/bin/bin/../../lib/gcc/pic32mx/4.8.3/../../../../pic32mx/lib\libpic32.a(vector6.o)
                              C:\Users\Ana\AppData\Local\Temp\ccionrpP.o (__vector_dispatch_6)
c:/program files/microchip/xc32/v2.41/bin/bin/../../lib/gcc/pic32mx/4.8.3/../../../../pic32mx/lib\libpic32.a(vector7.o)
                              C:\Users\Ana\AppData\Local\Temp\ccionrpP.o (__vector_dispatch_7)
c:/program files/microchip/xc32/v2.41/bin/bin/../../lib/gcc/pic32mx/4.8.3/../../../../pic32mx/lib\libpic32.a(vector9.o)
                              C:\Users\Ana\AppData\Local\Temp\ccionrpP.o (__vector_dispatch_9)
c:/program files/microchip/xc32/v2.41/bin/bin/../../lib/gcc/pic32mx/4.8.3/../../../../pic32mx/lib\libpic32.a(vector10.o)
                              C:\Users\Ana\AppData\Local\Temp\ccionrpP.o (__vector_dispatch_10)
c:/program files/microchip/xc32/v2.41/bin/bin/../../lib/gcc/pic32mx/4.8.3/../../../../pic32mx/lib\libpic32.a(vector11.o)
                              C:\Users\Ana\AppData\Local\Temp\ccionrpP.o (__vector_dispatch_11)
c:/program files/microchip/xc32/v2.41/bin/bin/../../lib/gcc/pic32mx/4.8.3/../../../../pic32mx/lib\libpic32.a(vector13.o)
                              C:\Users\Ana\AppData\Local\Temp\ccionrpP.o (__vector_dispatch_13)
c:/program files/microchip/xc32/v2.41/bin/bin/../../lib/gcc/pic32mx/4.8.3/../../../../pic32mx/lib\libpic32.a(vector14.o)
                              C:\Users\Ana\AppData\Local\Temp\ccionrpP.o (__vector_dispatch_14)
[...]
Memory Configuration

Name             Origin             Length             Attributes
kseg0_program_mem 0x9d000000         0x0000f000         xr
exception_mem    0x9d00f000         0x00001000
debug_exec_mem   0x9fc00490         0x00000760
kseg0_boot_mem   0x9fc00490         0x00000000
kseg1_boot_mem   0xbfc00000         0x00000490
config3          0xbfc00bf0         0x00000004
config2          0xbfc00bf4         0x00000004
config1          0xbfc00bf8         0x00000004
config0          0xbfc00bfc         0x00000004
kseg1_data_mem   0xa0000000         0x00004000         w !x
sfrs             0xbf800000         0x00100000
configsfrs       0xbfc00bf0         0x00000010
*default*        0x00000000         0xffffffff

Linker script and memory map

LOAD c:/program files/microchip/xc32/v2.41/bin/bin/../../lib/gcc/pic32mx/4.8.3/../../../../pic32mx/lib\debug-exception-return.o
LOAD build/default/production/_ext/1047219354/drv_oc_static.o
LOAD build/default/production/_ext/977502197/drv_spi_tasks.o
LOAD build/default/production/_ext/977502197/drv_spi_api.o
LOAD build/default/production/_ext/977502197/drv_spi_master_rm_tasks.o
LOAD build/default/production/_ext/1407244131/drv_tmr_static.o
LOAD build/default/production/_ext/1407244131/drv_tmr_mapping.o
LOAD build/default/production/_ext/327000265/drv_usart_mapping.o
LOAD build/default/production/_ext/327000265/drv_usart_static.o
LOAD build/default/production/_ext/327000265/drv_usart_static_byte_model.o
LOAD build/default/production/_ext/639803181/sys_clk_static.o
LOAD build/default/production/_ext/822048611/sys_ports_static.o
LOAD build/default/production/_ext/1688732426/system_init.o
LOAD build/default/production/_ext/1688732426/system_interrupt.o
LOAD build/default/production/_ext/1688732426/system_exceptions.o
LOAD build/default/production/_ext/1688732426/system_tasks.o
LOAD build/default/production/_ext/1360937237/app.o
LOAD build/default/production/_ext/1360937237/main.o
LOAD build/default/production/_ext/1360937237/delay.o
LOAD build/default/production/_ext/1360937237/bmc150.o
LOAD build/default/production/_ext/568870469/drv_spi.o
LOAD build/default/production/_ext/465164171/drv_spi_sys_queue_fifo.o
LOAD build/default/production/_ext/919202535/drv_sst25vf064c.o
LOAD build/default/production/_ext/1271179505/sys_devcon.o
LOAD build/default/production/_ext/1271179505/sys_devcon_pic32mx.o
LOAD build/default/production/_ext/122796885/sys_int_pic32.o
LOAD build/default/production/_ext/77319752/sys_ports.o
LOAD build/default/production/_ext/813494389/sys_reset.o
LOAD build/default/production/_ext/623344979/sys_wdt.o
LOAD build/default/production/_ext/659856560/gps_config.o
LOAD build/default/production/_ext/659856560/gps_uart.o
LOAD ..\..\..\..\bin\framework\peripheral\PIC32MX130F064B_peripherals.a
                0x00000001                __MPLAB_BUILD = 0x1
                0x00000000                _min_heap_size = 0x0
LOAD C:\Users\Ana\AppData\Local\Temp\cc4MoQW1.o
LOAD C:\Users\Ana\AppData\Local\Temp\ccwGEOqQ.o
LOAD C:\Users\Ana\AppData\Local\Temp\ccionrpP.o
LOAD c:/program files/microchip/xc32/v2.41/bin/bin/../../lib/gcc/pic32mx/4.8.3/../../../../pic32mx/lib/./proc/32MX130F064B\default_isr_vectors.o
LOAD c:/program files/microchip/xc32/v2.41/bin/bin/../../lib/gcc/pic32mx/4.8.3/../../../../pic32mx/lib\pic32_software_reset.o
                0x00000400                PROVIDE (_min_stack_size, 0x400)
START GROUP
LOAD c:/program files/microchip/xc32/v2.41/bin/bin/../../lib/gcc/pic32mx/4.8.3/../../../../pic32mx/lib/./proc/32MX130F064B\processor.o
END GROUP
START GROUP
LOAD libmchp_peripheral.a
END GROUP
START GROUP
LOAD libmchp_peripheral_32MX130F064B.a
END GROUP
                0x00000001                PROVIDE (_vector_spacing, 0x1)
                0x9d00f000                PROVIDE (_ebase_address, 0x9d00f000)
                0xbfc00000                _RESET_ADDR = 0xbfc00000
                0xbfc00380                _BEV_EXCPT_ADDR = 0xbfc00380
                0xbfc00480                _DBG_EXCPT_ADDR = 0xbfc00480
                0x9fc00490                _DBG_CODE_ADDR = 0x9fc00490
                0x00000760                _DBG_CODE_SIZE = 0x760
                0x9d00f180                _GEN_EXCPT_ADDR = (_ebase_address + 0x180)

.config_BFC00BF0
                0xbfc00bf0        0x4
 *(.config_BFC00BF0)
 .config_BFC00BF0
                0xbfc00bf0        0x4 build/default/production/_ext/1688732426/system_init.o

.config_BFC00BF4
                0xbfc00bf4        0x4
 *(.config_BFC00BF4)
 .config_BFC00BF4
                0xbfc00bf4        0x4 build/default/production/_ext/1688732426/system_init.o

.config_BFC00BF8
                0xbfc00bf8        0x4
 *(.config_BFC00BF8)
 .config_BFC00BF8
                0xbfc00bf8        0x4 build/default/production/_ext/1688732426/system_init.o

.config_BFC00BFC
                0xbfc00bfc        0x4
 *(.config_BFC00BFC)
 .config_BFC00BFC
                0xbfc00bfc        0x4 build/default/production/_ext/1688732426/system_init.o
                0xbfc02000                PROVIDE (_DBG_CODE_ADDR, 0xbfc02000)
                0x00000ff0                PROVIDE (_DBG_CODE_SIZE, 0xff0)

.reset          0xbfc00000      0x178
 *(.reset)
 .reset         0xbfc00000        0x8 C:\Users\Ana\AppData\Local\Temp\cc4MoQW1.o
                0xbfc00000                _reset
 *(.reset.startup)
 .reset.startup
                0xbfc00008      0x170 C:\Users\Ana\AppData\Local\Temp\cc4MoQW1.o
                0xbfc00008                _startup

.bev_excpt      0xbfc00380       0x10
 *(.bev_handler)
 .bev_handler   0xbfc00380       0x10 C:\Users\Ana\AppData\Local\Temp\cc4MoQW1.o

.dbg_excpt      0xbfc00480        0x0
                0xbfc00480                . = (. + DEFINED (_DEBUGGER)?0x8:0x0)

.dbg_code       0x9fc00490        0x0
                0x9fc00490                . = (. + DEFINED (_DEBUGGER)?_DBG_CODE_SIZE:0x0)

.app_excpt      0x9d00f180       0x10
 *(.gen_handler)
 .gen_handler   0x9d00f180       0x10 C:\Users\Ana\AppData\Local\Temp\cc4MoQW1.o

.vector_0       0x9d00f200        0x8
 *(.vector_0)
 .vector_0      0x9d00f200        0x8 c:/program files/microchip/xc32/v2.41/bin/bin/../../lib/gcc/pic32mx/4.8.3/../../../../pic32mx/lib\libpic32.a(vector0.o)
                0x9d00f200                __vector_dispatch_0
                0x00000001                ASSERT (((_vector_spacing == 0x0) || (SIZEOF (.vector_0) <= (_vector_spacing << 0x5))), function at exception vector 0 too large)

.vector_1       0x9d00f220        0x8
 *(.vector_1)
 .vector_1      0x9d00f220        0x8 c:/program files/microchip/xc32/v2.41/bin/bin/../../lib/gcc/pic32mx/4.8.3/../../../../pic32mx/lib\libpic32.a(vector1.o)
                0x9d00f220                __vector_dispatch_1
                0x00000001                ASSERT (((_vector_spacing == 0x0) || (SIZEOF (.vector_1) <= (_vector_spacing << 0x5))), function at exception vector 1 too large)

.vector_2       0x9d00f240        0x8
 *(.vector_2)
 .vector_2      0x9d00f240        0x8 c:/program files/microchip/xc32/v2.41/bin/bin/../../lib/gcc/pic32mx/4.8.3/../../../../pic32mx/lib\libpic32.a(vector2.o)
                0x9d00f240                __vector_dispatch_2
                0x00000001                ASSERT (((_vector_spacing == 0x0) || (SIZEOF (.vector_2) <= (_vector_spacing << 0x5))), function at exception vector 2 too large)

.vector_3       0x9d00f260        0x8
 *(.vector_3)
 .vector_3      0x9d00f260        0x8 c:/program files/microchip/xc32/v2.41/bin/bin/../../lib/gcc/pic32mx/4.8.3/../../../../pic32mx/lib\libpic32.a(vector3.o)
                0x9d00f260                __vector_dispatch_3
                0x00000001                ASSERT (((_vector_spacing == 0x0) || (SIZEOF (.vector_3) <= (_vector_spacing << 0x5))), function at exception vector 3 too large)

.vector_4       0x9d00f280        0x8
 *(.vector_4)
 .vector_4      0x9d00f280        0x8 c:/program files/microchip/xc32/v2.41/bin/bin/../../lib/gcc/pic32mx/4.8.3/../../../../pic32mx/lib\libpic32.a(vector4.o)
                0x9d00f280                __vector_dispatch_4
                0x00000001                ASSERT (((_vector_spacing == 0x0) || (SIZEOF (.vector_4) <= (_vector_spacing << 0x5))), function at exception vector 4 too large)

.vector_5       0x9d00f2a0        0x8
 *(.vector_5)
 .vector_5      0x9d00f2a0        0x8 c:/program files/microchip/xc32/v2.41/bin/bin/../../lib/gcc/pic32mx/4.8.3/../../../../pic32mx/lib\libpic32.a(vector5.o)
                0x9d00f2a0                __vector_dispatch_5
                0x00000001                ASSERT (((_vector_spacing == 0x0) || (SIZEOF (.vector_5) <= (_vector_spacing << 0x5))), function at exception vector 5 too large)

.vector_6       0x9d00f2c0        0x8
 *(.vector_6)
 .vector_6      0x9d00f2c0        0x8 c:/program files/microchip/xc32/v2.41/bin/bin/../../lib/gcc/pic32mx/4.8.3/../../../../pic32mx/lib\libpic32.a(vector6.o)
                0x9d00f2c0                __vector_dispatch_6
                0x00000001                ASSERT (((_vector_spacing == 0x0) || (SIZEOF (.vector_6) <= (_vector_spacing << 0x5))), function at exception vector 6 too large)

.vector_7       0x9d00f2e0        0x8
 *(.vector_7)
 .vector_7      0x9d00f2e0        0x8 c:/program files/microchip/xc32/v2.41/bin/bin/../../lib/gcc/pic32mx/4.8.3/../../../../pic32mx/lib\libpic32.a(vector7.o)
                0x9d00f2e0                __vector_dispatch_7
                0x00000001                ASSERT (((_vector_spacing == 0x0) || (SIZEOF (.vector_7) <= (_vector_spacing << 0x5))), function at exception vector 7 too large)

.vector_8       0x9d00f300        0x8
 *(.vector_8)
 .vector_8      0x9d00f300        0x8 build/default/production/_ext/1688732426/system_interrupt.o
                0x9d00f300                __vector_dispatch_8
                0x00000001                ASSERT (((_vector_spacing == 0x0) || (SIZEOF (.vector_8) <= (_vector_spacing << 0x5))), function at exception vector 8 too large)

.vector_9       0x9d00f320        0x8
 *(.vector_9)
 .vector_9      0x9d00f320        0x8 c:/program files/microchip/xc32/v2.41/bin/bin/../../lib/gcc/pic32mx/4.8.3/../../../../pic32mx/lib\libpic32.a(vector9.o)
                0x9d00f320                __vector_dispatch_9
                0x00000001                ASSERT (((_vector_spacing == 0x0) || (SIZEOF (.vector_9) <= (_vector_spacing << 0x5))), function at exception vector 9 too large)

.vector_10      0x9d00f340        0x8
 *(.vector_10)
 .vector_10     0x9d00f340        0x8 c:/program files/microchip/xc32/v2.41/bin/bin/../../lib/gcc/pic32mx/4.8.3/../../../../pic32mx/lib\libpic32.a(vector10.o)
                0x9d00f340                __vector_dispatch_10
                0x00000001                ASSERT (((_vector_spacing == 0x0) || (SIZEOF (.vector_10) <= (_vector_spacing << 0x5))), function at exception vector 10 too large)

.vector_11      0x9d00f360        0x8
 *(.vector_11)
 .vector_11     0x9d00f360        0x8 c:/program files/microchip/xc32/v2.41/bin/bin/../../lib/gcc/pic32mx/4.8.3/../../../../pic32mx/lib\libpic32.a(vector11.o)
                0x9d00f360                __vector_dispatch_11
                0x00000001                ASSERT (((_vector_spacing == 0x0) || (SIZEOF (.vector_11) <= (_vector_spacing << 0x5))), function at exception vector 11 too large)

.vector_12      0x9d00f380        0x8
 *(.vector_12)
 .vector_12     0x9d00f380        0x8 build/default/production/_ext/1688732426/system_interrupt.o
                0x9d00f380                __vector_dispatch_12
                0x00000001                ASSERT (((_vector_spacing == 0x0) || (SIZEOF (.vector_12) <= (_vector_spacing << 0x5))), function at exception vector 12 too large)

.vector_13      0x9d00f3a0        0x8
 *(.vector_13)
 .vector_13     0x9d00f3a0        0x8 c:/program files/microchip/xc32/v2.41/bin/bin/../../lib/gcc/pic32mx/4.8.3/../../../../pic32mx/lib\libpic32.a(vector13.o)
                0x9d00f3a0                __vector_dispatch_13
                0x00000001                ASSERT (((_vector_spacing == 0x0) || (SIZEOF (.vector_13) <= (_vector_spacing << 0x5))), function at exception vector 13 too large)

.vector_14      0x9d00f3c0        0x8
 *(.vector_14)
 .vector_14     0x9d00f3c0        0x8 c:/program files/microchip/xc32/v2.41/bin/bin/../../lib/gcc/pic32mx/4.8.3/../../../../pic32mx/lib\libpic32.a(vector14.o)
                0x9d00f3c0                __vector_dispatch_14
                0x00000001                ASSERT (((_vector_spacing == 0x0) || (SIZEOF (.vector_14) <= (_vector_spacing << 0x5))), function at exception vector 14 too large)

.vector_15      0x9d00f3e0        0x8
 *(.vector_15)
 .vector_15     0x9d00f3e0        0x8 c:/program files/microchip/xc32/v2.41/bin/bin/../../lib/gcc/pic32mx/4.8.3/../../../../pic32mx/lib\libpic32.a(vector15.o)
                0x9d00f3e0                __vector_dispatch_15
                0x00000001                ASSERT (((_vector_spacing == 0x0) || (SIZEOF (.vector_15) <= (_vector_spacing << 0x5))), function at exception vector 15 too large)

.vector_16      0x9d00f400        0x8
 *(.vector_16)
 .vector_16     0x9d00f400        0x8 build/default/production/_ext/1688732426/system_interrupt.o
                0x9d00f400                __vector_dispatch_16
                0x00000001                ASSERT (((_vector_spacing == 0x0) || (SIZEOF (.vector_16) <= (_vector_spacing << 0x5))), function at exception vector 16 too large)

.vector_17      0x9d00f420        0x8
 *(.vector_17)
 .vector_17     0x9d00f420        0x8 c:/program files/microchip/xc32/v2.41/bin/bin/../../lib/gcc/pic32mx/4.8.3/../../../../pic32mx/lib\libpic32.a(vector17.o)
                0x9d00f420                __vector_dispatch_17
                0x00000001                ASSERT (((_vector_spacing == 0x0) || (SIZEOF (.vector_17) <= (_vector_spacing << 0x5))), function at exception vector 17 too large)

.vector_18      0x9d00f440        0x8
 *(.vector_18)
 .vector_18     0x9d00f440        0x8 c:/program files/microchip/xc32/v2.41/bin/bin/../../lib/gcc/pic32mx/4.8.3/../../../../pic32mx/lib\libpic32.a(vector18.o)
                0x9d00f440                __vector_dispatch_18
                0x00000001                ASSERT (((_vector_spacing == 0x0) || (SIZEOF (.vector_18) <= (_vector_spacing << 0x5))), function at exception vector 18 too large)

.vector_19      0x9d00f460        0x8
 *(.vector_19)
 .vector_19     0x9d00f460        0x8 c:/program files/microchip/xc32/v2.41/bin/bin/../../lib/gcc/pic32mx/4.8.3/../../../../pic32mx/lib\libpic32.a(vector19.o)
                0x9d00f460                __vector_dispatch_19
                0x00000001                ASSERT (((_vector_spacing == 0x0) || (SIZEOF (.vector_19) <= (_vector_spacing << 0x5))), function at exception vector 19 too large)

.vector_20      0x9d00f480        0x8
 *(.vector_20)
 .vector_20     0x9d00f480        0x8 c:/program files/microchip/xc32/v2.41/bin/bin/../../lib/gcc/pic32mx/4.8.3/../../../../pic32mx/lib\libpic32.a(vector20.o)
                0x9d00f480                __vector_dispatch_20
                0x00000001                ASSERT (((_vector_spacing == 0x0) || (SIZEOF (.vector_20) <= (_vector_spacing << 0x5))), function at exception vector 20 too large)

.vector_21      0x9d00f4a0        0x8
 *(.vector_21)
 .vector_21     0x9d00f4a0        0x8 c:/program files/microchip/xc32/v2.41/bin/bin/../../lib/gcc/pic32mx/4.8.3/../../../../pic32mx/lib\libpic32.a(vector21.o)
                0x9d00f4a0                __vector_dispatch_21
                0x00000001                ASSERT (((_vector_spacing == 0x0) || (SIZEOF (.vector_21) <= (_vector_spacing << 0x5))), function at exception vector 21 too large)

.vector_22      0x9d00f4c0        0x8
 *(.vector_22)
 .vector_22     0x9d00f4c0        0x8 c:/program files/microchip/xc32/v2.41/bin/bin/../../lib/gcc/pic32mx/4.8.3/../../../../pic32mx/lib\libpic32.a(vector22.o)
                0x9d00f4c0                __vector_dispatch_22
                0x00000001                ASSERT (((_vector_spacing == 0x0) || (SIZEOF (.vector_22) <= (_vector_spacing << 0x5))), function at exception vector 22 too large)

.vector_23      0x9d00f4e0        0x8
 *(.vector_23)
 .vector_23     0x9d00f4e0        0x8 c:/program files/microchip/xc32/v2.41/bin/bin/../../lib/gcc/pic32mx/4.8.3/../../../../pic32mx/lib\libpic32.a(vector23.o)
                0x9d00f4e0                __vector_dispatch_23
                0x00000001                ASSERT (((_vector_spacing == 0x0) || (SIZEOF (.vector_23) <= (_vector_spacing << 0x5))), function at exception vector 23 too large)

.vector_24      0x9d00f500        0x8
 *(.vector_24)
 .vector_24     0x9d00f500        0x8 c:/program files/microchip/xc32/v2.41/bin/bin/../../lib/gcc/pic32mx/4.8.3/../../../../pic32mx/lib\libpic32.a(vector24.o)
                0x9d00f500                __vector_dispatch_24
                0x00000001                ASSERT (((_vector_spacing == 0x0) || (SIZEOF (.vector_24) <= (_vector_spacing << 0x5))), function at exception vector 24 too large)

.vector_25      0x9d00f520        0x8
 *(.vector_25)
 .vector_25     0x9d00f520        0x8 c:/program files/microchip/xc32/v2.41/bin/bin/../../lib/gcc/pic32mx/4.8.3/../../../../pic32mx/lib\libpic32.a(vector25.o)
                0x9d00f520                __vector_dispatch_25
                0x00000001                ASSERT (((_vector_spacing == 0x0) || (SIZEOF (.vector_25) <= (_vector_spacing << 0x5))), function at exception vector 25 too large)

.vector_26      0x9d00f540        0x8
 *(.vector_26)
 .vector_26     0x9d00f540        0x8 c:/program files/microchip/xc32/v2.41/bin/bin/../../lib/gcc/pic32mx/4.8.3/../../../../pic32mx/lib\libpic32.a(vector26.o)
                0x9d00f540                __vector_dispatch_26
                0x00000001                ASSERT (((_vector_spacing == 0x0) || (SIZEOF (.vector_26) <= (_vector_spacing << 0x5))), function at exception vector 26 too large)

.vector_27      0x9d00f560        0x8
 *(.vector_27)
 .vector_27     0x9d00f560        0x8 c:/program files/microchip/xc32/v2.41/bin/bin/../../lib/gcc/pic32mx/4.8.3/../../../../pic32mx/lib\libpic32.a(vector27.o)
                0x9d00f560                __vector_dispatch_27
                0x00000001                ASSERT (((_vector_spacing == 0x0) || (SIZEOF (.vector_27) <= (_vector_spacing << 0x5))), function at exception vector 27 too large)

.vector_28      0x9d00f580        0x8
 *(.vector_28)
 .vector_28     0x9d00f580        0x8 c:/program files/microchip/xc32/v2.41/bin/bin/../../lib/gcc/pic32mx/4.8.3/../../../../pic32mx/lib\libpic32.a(vector28.o)
                0x9d00f580                __vector_dispatch_28
                0x00000001                ASSERT (((_vector_spacing == 0x0) || (SIZEOF (.vector_28) <= (_vector_spacing << 0x5))), function at exception vector 28 too large)

.vector_29      0x9d00f5a0        0x8
 *(.vector_29)
 .vector_29     0x9d00f5a0        0x8 c:/program files/microchip/xc32/v2.41/bin/bin/../../lib/gcc/pic32mx/4.8.3/../../../../pic32mx/lib\libpic32.a(vector29.o)
                0x9d00f5a0                __vector_dispatch_29
                0x00000001                ASSERT (((_vector_spacing == 0x0) || (SIZEOF (.vector_29) <= (_vector_spacing << 0x5))), function at exception vector 29 too large)

.vector_30      0x9d00f5c0        0x8
 *(.vector_30)
 .vector_30     0x9d00f5c0        0x8 c:/program files/microchip/xc32/v2.41/bin/bin/../../lib/gcc/pic32mx/4.8.3/../../../../pic32mx/lib\libpic32.a(vector30.o)
                0x9d00f5c0                __vector_dispatch_30
                0x00000001                ASSERT (((_vector_spacing == 0x0) || (SIZEOF (.vector_30) <= (_vector_spacing << 0x5))), function at exception vector 30 too large)

.vector_31      0x9d00f5e0        0x8
 *(.vector_31)
 .vector_31     0x9d00f5e0        0x8 c:/program files/microchip/xc32/v2.41/bin/bin/../../lib/gcc/pic32mx/4.8.3/../../../../pic32mx/lib\libpic32.a(vector31.o)
                0x9d00f5e0                __vector_dispatch_31
                0x00000001                ASSERT (((_vector_spacing == 0x0) || (SIZEOF (.vector_31) <= (_vector_spacing << 0x5))), function at exception vector 31 too large)

.vector_32      0x9d00f600        0x8
 *(.vector_32)
 .vector_32     0x9d00f600        0x8 build/default/production/_ext/1688732426/system_interrupt.o
                0x9d00f600                __vector_dispatch_32
                0x00000001                ASSERT (((_vector_spacing == 0x0) || (SIZEOF (.vector_32) <= (_vector_spacing << 0x5))), function at exception vector 32 too large)

.vector_33      0x9d00f620        0x8
 *(.vector_33)
 .vector_33     0x9d00f620        0x8 c:/program files/microchip/xc32/v2.41/bin/bin/../../lib/gcc/pic32mx/4.8.3/../../../../pic32mx/lib\libpic32.a(vector33.o)
                0x9d00f620                __vector_dispatch_33
                0x00000001                ASSERT (((_vector_spacing == 0x0) || (SIZEOF (.vector_33) <= (_vector_spacing << 0x5))), function at exception vector 33 too large)

.vector_34      0x9d00f640        0x8
 *(.vector_34)
 .vector_34     0x9d00f640        0x8 c:/program files/microchip/xc32/v2.41/bin/bin/../../lib/gcc/pic32mx/4.8.3/../../../../pic32mx/lib\libpic32.a(vector34.o)
                0x9d00f640                __vector_dispatch_34
                0x00000001                ASSERT (((_vector_spacing == 0x0) || (SIZEOF (.vector_34) <= (_vector_spacing << 0x5))), function at exception vector 34 too large)

.vector_35      0x9d00f660        0x8
 *(.vector_35)
 .vector_35     0x9d00f660        0x8 c:/program files/microchip/xc32/v2.41/bin/bin/../../lib/gcc/pic32mx/4.8.3/../../../../pic32mx/lib\libpic32.a(vector35.o)
                0x9d00f660                __vector_dispatch_35
                0x00000001                ASSERT (((_vector_spacing == 0x0) || (SIZEOF (.vector_35) <= (_vector_spacing << 0x5))), function at exception vector 35 too large)

.vector_36      0x9d00f680        0x8
 *(.vector_36)
 .vector_36     0x9d00f680        0x8 build/default/production/_ext/1688732426/system_interrupt.o
                0x9d00f680                __vector_dispatch_36
                0x00000001                ASSERT (((_vector_spacing == 0x0) || (SIZEOF (.vector_36) <= (_vector_spacing << 0x5))), function at exception vector 36 too large)

.vector_37      0x9d00f6a0        0x8
 *(.vector_37)
 .vector_37     0x9d00f6a0        0x8 build/default/production/_ext/1688732426/system_interrupt.o
                0x9d00f6a0                __vector_dispatch_37
                0x00000001                ASSERT (((_vector_spacing == 0x0) || (SIZEOF (.vector_37) <= (_vector_spacing << 0x5))), function at exception vector 37 too large)

.vector_38      0x9d00f6c0        0x8
 *(.vector_38)
 .vector_38     0x9d00f6c0        0x8 c:/program files/microchip/xc32/v2.41/bin/bin/../../lib/gcc/pic32mx/4.8.3/../../../../pic32mx/lib\libpic32.a(vector38.o)
                0x9d00f6c0                __vector_dispatch_38
                0x00000001                ASSERT (((_vector_spacing == 0x0) || (SIZEOF (.vector_38) <= (_vector_spacing << 0x5))), function at exception vector 38 too large)

.vector_39      0x9d00f6e0        0x8
 *(.vector_39)
 .vector_39     0x9d00f6e0        0x8 c:/program files/microchip/xc32/v2.41/bin/bin/../../lib/gcc/pic32mx/4.8.3/../../../../pic32mx/lib\libpic32.a(vector39.o)
                0x9d00f6e0                __vector_dispatch_39
                0x00000001                ASSERT (((_vector_spacing == 0x0) || (SIZEOF (.vector_39) <= (_vector_spacing << 0x5))), function at exception vector 39 too large)

.vector_40      0x9d00f700        0x8
 *(.vector_40)
 .vector_40     0x9d00f700        0x8 c:/program files/microchip/xc32/v2.41/bin/bin/../../lib/gcc/pic32mx/4.8.3/../../../../pic32mx/lib\libpic32.a(vector40.o)
                0x9d00f700                __vector_dispatch_40
                0x00000001                ASSERT (((_vector_spacing == 0x0) || (SIZEOF (.vector_40) <= (_vector_spacing << 0x5))), function at exception vector 40 too large)

.vector_41      0x9d00f720        0x8
 *(.vector_41)
 .vector_41     0x9d00f720        0x8 c:/program files/microchip/xc32/v2.41/bin/bin/../../lib/gcc/pic32mx/4.8.3/../../../../pic32mx/lib\libpic32.a(vector41.o)
                0x9d00f720                __vector_dispatch_41
                0x00000001                ASSERT (((_vector_spacing == 0x0) || (SIZEOF (.vector_41) <= (_vector_spacing << 0x5))), function at exception vector 41 too large)

.vector_42      0x9d00f740        0x8
 *(.vector_42)
 .vector_42     0x9d00f740        0x8 c:/program files/microchip/xc32/v2.41/bin/bin/../../lib/gcc/pic32mx/4.8.3/../../../../pic32mx/lib\libpic32.a(vector42.o)
                0x9d00f740                __vector_dispatch_42
                0x00000001                ASSERT (((_vector_spacing == 0x0) || (SIZEOF (.vector_42) <= (_vector_spacing << 0x5))), function at exception vector 42 too large)

.vector_43      0x9d00f760        0x8
 *(.vector_43)
 .vector_43     0x9d00f760        0x8 c:/program files/microchip/xc32/v2.41/bin/bin/../../lib/gcc/pic32mx/4.8.3/../../../../pic32mx/lib\libpic32.a(vector43.o)
                0x9d00f760                __vector_dispatch_43
                0x00000001                ASSERT (((_vector_spacing == 0x0) || (SIZEOF (.vector_43) <= (_vector_spacing << 0x5))), function at exception vector 43 too large)

.vector_44      0x9d00f780        0x0
 *(.vector_44)
                0x00000001                ASSERT (((_vector_spacing == 0x0) || (SIZEOF (.vector_44) <= (_vector_spacing << 0x5))), function at exception vector 44 too large)

.vector_45      0x9d00f7a0        0x0
 *(.vector_45)
                0x00000001                ASSERT (((_vector_spacing == 0x0) || (SIZEOF (.vector_45) <= (_vector_spacing << 0x5))), function at exception vector 45 too large)

.vector_46      0x9d00f7c0        0x0
 *(.vector_46)
                0x00000001                ASSERT (((_vector_spacing == 0x0) || (SIZEOF (.vector_46) <= (_vector_spacing << 0x5))), function at exception vector 46 too large)

.vector_47      0x9d00f7e0        0x0
 *(.vector_47)
                0x00000001                ASSERT (((_vector_spacing == 0x0) || (SIZEOF (.vector_47) <= (_vector_spacing << 0x5))), function at exception vector 47 too large)

.vector_48      0x9d00f800        0x0
 *(.vector_48)
                0x00000001                ASSERT (((_vector_spacing == 0x0) || (SIZEOF (.vector_48) <= (_vector_spacing << 0x5))), function at exception vector 48 too large)

.vector_49      0x9d00f820        0x0
 *(.vector_49)
                0x00000001                ASSERT (((_vector_spacing == 0x0) || (SIZEOF (.vector_49) <= (_vector_spacing << 0x5))), function at exception vector 49 too large)

.vector_50      0x9d00f840        0x0
 *(.vector_50)
                0x00000001                ASSERT (((_vector_spacing == 0x0) || (SIZEOF (.vector_50) <= (_vector_spacing << 0x5))), function at exception vector 50 too large)

.vector_51      0x9d00f860        0x0
 *(.vector_51)
                0x00000001                ASSERT (((_vector_spacing == 0x0) || (SIZEOF (.vector_51) <= (_vector_spacing << 0x5))), function at exception vector 51 too large)

.vector_52      0x9d00f880        0x0
 *(.vector_52)
                0x00000001                ASSERT (((_vector_spacing == 0x0) || (SIZEOF (.vector_52) <= (_vector_spacing << 0x5))), function at exception vector 52 too large)

.vector_53      0x9d00f8a0        0x0
 *(.vector_53)
                0x00000001                ASSERT (((_vector_spacing == 0x0) || (SIZEOF (.vector_53) <= (_vector_spacing << 0x5))), function at exception vector 53 too large)

.vector_54      0x9d00f8c0        0x0
 *(.vector_54)
                0x00000001                ASSERT (((_vector_spacing == 0x0) || (SIZEOF (.vector_54) <= (_vector_spacing << 0x5))), function at exception vector 54 too large)

.vector_55      0x9d00f8e0        0x0
 *(.vector_55)
                0x00000001                ASSERT (((_vector_spacing == 0x0) || (SIZEOF (.vector_55) <= (_vector_spacing << 0x5))), function at exception vector 55 too large)

.vector_56      0x9d00f900        0x0
 *(.vector_56)
                0x00000001                ASSERT (((_vector_spacing == 0x0) || (SIZEOF (.vector_56) <= (_vector_spacing << 0x5))), function at exception vector 56 too large)

.vector_57      0x9d00f920        0x0
 *(.vector_57)
                0x00000001                ASSERT (((_vector_spacing == 0x0) || (SIZEOF (.vector_57) <= (_vector_spacing << 0x5))), function at exception vector 57 too large)

.vector_58      0x9d00f940        0x0
 *(.vector_58)
                0x00000001                ASSERT (((_vector_spacing == 0x0) || (SIZEOF (.vector_58) <= (_vector_spacing << 0x5))), function at exception vector 58 too large)

.vector_59      0x9d00f960        0x0
 *(.vector_59)
                0x00000001                ASSERT (((_vector_spacing == 0x0) || (SIZEOF (.vector_59) <= (_vector_spacing << 0x5))), function at exception vector 59 too large)

.vector_60      0x9d00f980        0x0
 *(.vector_60)
                0x00000001                ASSERT (((_vector_spacing == 0x0) || (SIZEOF (.vector_60) <= (_vector_spacing << 0x5))), function at exception vector 60 too large)

.vector_61      0x9d00f9a0        0x0
 *(.vector_61)
                0x00000001                ASSERT (((_vector_spacing == 0x0) || (SIZEOF (.vector_61) <= (_vector_spacing << 0x5))), function at exception vector 61 too large)

.vector_62      0x9d00f9c0        0x0
 *(.vector_62)
                0x00000001                ASSERT (((_vector_spacing == 0x0) || (SIZEOF (.vector_62) <= (_vector_spacing << 0x5))), function at exception vector 62 too large)

.vector_63      0x9d00f9e0        0x0
 *(.vector_63)
                0x00000001                ASSERT (((_vector_spacing == 0x0) || (SIZEOF (.vector_63) <= (_vector_spacing << 0x5))), function at exception vector 63 too large)

.startup
 *(.startup)

.text           0x9d000000        0x0
 *(.stub .gnu.linkonce.t.*)
 *(.text.*personality*)
 *(.mips16.fn.*)
 *(.mips16.call.*)
 *(.gnu.warning)
                0x9d000000                . = ALIGN (0x4)

.init           0x9d000000        0x0
 *crti.o(.init)
 *crtbegin.o(.init)
 *(EXCLUDE_FILE(*crtn.o *crtend?.o *crtend.o) .init)
 *crtend.o(.init)
 *crtn.o(.init)
                0x9d000000                . = ALIGN (0x4)

.fini           0x9d000000        0x0
 *(.fini)
                0x9d000000                . = ALIGN (0x4)

.preinit_array  0x9d000000        0x0
                0x9d000000                PROVIDE (__preinit_array_start, .)
 *(.preinit_array)
                0x9d000000                PROVIDE (__preinit_array_end, .)
                0x9d000000                . = ALIGN (0x4)

.init_array     0x9d000000        0x0
                0x9d000000                PROVIDE (__init_array_start, .)
 *(SORT(.init_array.*))
 *(.init_array)
                0x9d000000                PROVIDE (__init_array_end, .)
                0x9d000000                . = ALIGN (0x4)

.fini_array     0x9d000000        0x0
                0x9d000000                PROVIDE (__fini_array_start, .)
 *(SORT(.fini_array.*))
 *(.fini_array)
                0x9d000000                PROVIDE (__fini_array_end, .)
                0x9d000000                . = ALIGN (0x4)

.ctors          0x9d000000        0x0
 *crtbegin.o(.ctors)
 *crtbegin?.o(.ctors)
 *(EXCLUDE_FILE(*crtend?.o *crtend.o) .ctors)
 *(SORT(.ctors.*))
 *(.ctors)
                0x9d000000                . = ALIGN (0x4)

.dtors          0x9d000000        0x0
 *crtbegin.o(.dtors)
 *crtbegin?.o(.dtors)
 *(EXCLUDE_FILE(*crtend?.o *crtend.o) .dtors)
 *(SORT(.dtors.*))
 *(.dtors)
                0x9d000000                . = ALIGN (0x4)

.rodata         0x9d000000        0x0
 *(.gnu.linkonce.r.*)
 *(.rodata1)
                0x9d000000                . = ALIGN (0x4)

.sdata2         0x9fc00490        0x0
 *(.sdata2 .sdata2.* .gnu.linkonce.s2.*)
                0x9fc00490                . = ALIGN (0x4)

.sbss2          0x9fc00490        0x0
 *(.sbss2 .sbss2.* .gnu.linkonce.sb2.*)
                0x9fc00490                . = ALIGN (0x4)

.eh_frame_hdr
 *(.eh_frame_hdr)
                0x9fc00490                . = ALIGN (0x4)

.eh_frame
 *(.eh_frame)
                0x9fc00490                . = ALIGN (0x4)

.gcc_except_table
 *(.gcc_except_table .gcc_except_table.*)
                0x9fc00490                . = ALIGN (0x4)

.dbg_data       0xa0000000        0x0
                0xa0000000                . = (. + DEFINED (_DEBUGGER)?0x200:0x0)

.jcr            0xa0000000        0x0
 *(.jcr)
                0xa0000000                . = ALIGN (0x4)

.eh_frame
 *(.eh_frame)
                0xa0000000                . = ALIGN (0x4)

.gcc_except_table
 *(.gcc_except_table .gcc_except_table.*)
                0xa0000000                . = ALIGN (0x4)

.persist        0xa0000000        0x0
                0xa0000000                _persist_begin = .
 *(.persist .persist.*)
 *(.pbss .pbss.*)
                0xa0000000                . = ALIGN (0x4)
                0xa0000000                _persist_end = .

.data           0xa0000000        0x0
 *(.gnu.linkonce.d.*)
 *(.data1)
                0xa0000000                . = ALIGN (0x4)
                0xa0000000                . = .
                0xa0007ff0                _gp = (ALIGN (0x10) + 0x7ff0)

.got            0xa0000000        0x0
 *(.got.plt)
 *(.got)
                0xa0000000                . = ALIGN (0x4)

.sdata          0xa0000000      0x1a8
                0xa0000000                _sdata_begin = .
 *(.sdata .sdata.* .gnu.linkonce.s.*)
 .sdata         0xa0000000        0x8 build/default/production/_ext/1688732426/system_interrupt.o
                0xa0000004                OKs
 .sdata         0xa0000008       0xc0 build/default/production/_ext/659856560/gps_config.o
                0xa0000008                t
                0xa000000c                OK
                0xa0000010                GET_CCID
                0xa0000014                BTH_SEND
                0xa0000018                BTH_SSP
                0xa000001c                BTH_ONE_CON
                0xa0000020                BTH_CH_NAME
                0xa0000024                BTH_AUTO_PAIR
                0xa0000028                BTH_VIS_ON
                0xa000002c                BTH_OFF
                0xa0000030                BTH_ON
                0xa0000034                URL_CONTENT_TYPE
                0xa0000038                SSL_ENABLE
                0xa000003c                CID_SEL
                0xa0000040                GPRS_HTTP_READ
                0xa0000044                GPRS_HTTP_DATA_POST
                0xa0000048                GPRS_HTTP_ACTION_POST
                0xa000004c                GPRS_HTTP_ACTION_GET
                0xa0000050                GPRS_HTTP_START
                0xa0000054                GPRS_HTTP_CLOSE
                0xa0000058                CLOSE_APN
                0xa000005c                QUERY_APN
                0xa0000060                OPEN_APN
                0xa0000064                APN
                0xa0000068                APN_CON_TYPE
                0xa000006c                DESHABILITAR_GPRS
                0xa0000070                HABILITAR_GPRS
                0xa0000074                GPRS_ONLY_ONE_SESION
                0xa0000078                GPRS_CHECK_IP
                0xa000007c                GPRS_RESET_IP
                0xa0000080                GPRS_ATTACHED
                0xa0000084                DEATTACH_GPRS
                0xa0000088                ATTACH_GPRS
                0xa000008c                GPS_INFORM
                0xa0000090                GPS_REPORT_OFF
                0xa0000094                GPS_REPORT
                0xa0000098                GPS_GET_POS
                0xa000009c                ANT_GPS_OFF
                0xa00000a0                ANT_GPS_ON
                0xa00000a4                GPS_OFF
                0xa00000a8                GPS_ON
                0xa00000ac                GET_IMEI
                0xa00000b0                AT_OFF
                0xa00000b4                BAUDRATE_SEL
                0xa00000b8                AT_FACTORY
                0xa00000bc                AT_CREG
                0xa00000c0                ECHO_OFF
                0xa00000c4                AT
 .sdata         0xa00000c8       0xe0 build/default/production/_ext/659856560/gps_uart.o
                0xa00000c8                TRAMA_END_POST
                0xa00000cc                TRAMA_TIMESTAMP_POST
                0xa00000d0                TRAMA_SPEED_POST
                0xa00000d4                TRAMA_LON_POST
                0xa00000d8                TRAMA_LAT_POST
                0xa00000dc                TRAMA_INI_POST
                0xa00000e0                URL_TEST
                0xa00000e4                TRAMA_END
                0xa00000e8                TRAMA_NEXT
                0xa00000ec                TRAMA_TIMESTAMP
                0xa00000f0                TRAMA_GEO4
                0xa00000f4                TRAMA_GEO3
                0xa00000f8                TRAMA_GEO2
                0xa00000fc                TRAMA_GEO
                0xa0000100                TRAMA_INI
                0xa0000104                URL_LOCATEC
                0xa0000108                URL_ST_TRACKER_GRAFANA2_2
                0xa000010c                URL_ST_TRACKER_GRAFANA2_1
                0xa0000110                URL_ST_TRACKER_GRAFANA_POST
                0xa0000114                URL_TERMINATOR
                0xa0000118                SEPARATOR
                0xa000011c                VAR_UD_MED
                0xa0000120                VAR_AGIRO
                0xa0000124                VAR_MODO
                0xa0000128                VAR_NMEN
                0xa000012c                VAR_LUD_TRAT
                0xa0000130                VAR_CAU_CAL
                0xa0000134                VAR_VEL_TRAT
                0xa0000138                VAR_TRAT
                0xa000013c                VAR_CAMPO
                0xa0000140                VAR_EVID_EN
                0xa0000144                VAR_EVSD_EN
                0xa0000148                VAR_EVII_EN
                0xa000014c                VAR_EVSI_EN
                0xa0000150                VAR_EVID
                0xa0000154                VAR_EVSD
                0xa0000158                VAR_EVII
                0xa000015c                VAR_EVSI
                0xa0000160                VAR_LUD
                0xa0000164                VAR_CAU
                0xa0000168                VAR_DEP
                0xa000016c                VAR_NLOGO
                0xa0000170                VAR_NPANT
                0xa0000174                VAR_TS
                0xa0000178                VAR_VEL
                0xa000017c                VAR_LON
                0xa0000180                VAR_LAT
                0xa0000184                VAR_DEV
                0xa0000188                HTTPACTION_OK_POST
                0xa000018c                HTTPACTION_OK_GET
                0xa0000190                HTTPACTION_RES
                0xa0000194                CREG_NOK
                0xa0000198                CREG_OK
                0xa000019c                UGNSINF1
                0xa00001a0                UGNSINF0
                0xa00001a4                ERR
                0xa00001a8                . = ALIGN (0x4)
                0xa00001a8                _sdata_end = .

.lit8
 *(.lit8)

.lit4
 *(.lit4)
                0xa00001a8                . = ALIGN (0x4)
                0xa00001a8                _data_end = .
                0xa00001a8                _bss_begin = .

.sbss           0xa00001a8       0x64
                0xa00001a8                _sbss_begin = .
 *(.dynsbss)
 *(.sbss .sbss.* .gnu.linkonce.sb.*)
 .sbss          0xa00001a8        0x3 build/default/production/_ext/1407244131/drv_tmr_static.o
 .sbss          0xa00001ab        0x6 build/default/production/_ext/1688732426/system_interrupt.o
 *fill*         0xa00001b1        0x3 
 .sbss          0xa00001b4        0xc build/default/production/_ext/1688732426/system_exceptions.o
 .sbss          0xa00001c0        0x4 build/default/production/_ext/1360937237/app.o
                0xa00001c0                led_control_v
 .sbss          0xa00001c4        0x1 build/default/production/_ext/568870469/drv_spi.o
 *fill*         0xa00001c5        0x1 
 .sbss          0xa00001c6        0x2 build/default/production/_ext/919202535/drv_sst25vf064c.o
                0xa00001c6                gDrvSST25VF064CBufferToken
 .sbss          0xa00001c8        0x4 build/default/production/_ext/659856560/gps_uart.o
 *(.scommon)
 .scommon       0xa00001cc        0x0 build/default/production/_ext/327000265/drv_usart_static.o
                0xa00001cc                gDrvUSART1Obj
                0xa00001cc                gDrvUSART0Obj
 .scommon       0xa00001cc       0x18 build/default/production/_ext/1360937237/app.o
                0xa00001cc                commandHandle3
                0xa00001d0                flash_spi_handle
                0xa00001d4                f_status
                0xa00001d8                appData
                0xa00001dc                commandHandle1
                0xa00001e0                commandHandle2
 .scommon       0xa00001e4       0x1c build/default/production/_ext/1360937237/bmc150.o
                0xa00001e4                ErrorCounterI2cACK_NACKTimeOut
                0xa00001e8                ErrorCounterI2cWriteByteAck
                0xa00001ec                ErrorI2cPcap
                0xa00001f0                ErrorCounterI2cPcap
                0xa00001f4                ErrorCounterI2cTimeOut
                0xa00001f8                ErrorCounterI2cWriteByte
                0xa00001fc                ErrorCounterI2cStartOrRestart
 .scommon       0xa0000200        0x3 build/default/production/_ext/919202535/drv_sst25vf064c.o
                0xa0000200                gDrvSST25VF064CCommonDataObj
 *fill*         0xa0000203        0x1 
 .scommon       0xa0000204        0x8 build/default/production/_ext/1271179505/sys_devcon.o
                0xa0000204                sysDevconObj
                0xa000020c                _sbss_end = .
                0xa000020c                . = ALIGN (0x4)

.bss            0xa0000210      0xd9c
 *(.dynbss)
 *(COMMON)
 COMMON         0xa0000210       0x20 build/default/production/_ext/1688732426/system_init.o
                0xa0000210                sysObj
 COMMON         0xa0000230      0x444 build/default/production/_ext/919202535/drv_sst25vf064c.o
                0xa0000230                gDrvSST25VF064CObj
                0xa000039c                gDrvSST25VF064CClientObj
                0xa00003b4                gDrvSST25VF064CBufferObj
 *fill*         0xa0000674        0x4 
 COMMON         0xa0000678      0x934 build/default/production/_ext/659856560/gps_uart.o
                0xa0000678                gps_uart_v
                0xa0000f88                tm_str
                0xa0000fac                . = ALIGN ((. != 0x0)?0x4:0x1)
                0xa0000fac                . = ALIGN (0x4)
                0xa0000fac                _end = .
                0xa0000fac                _bss_end = .
                0x00004000                _bmxdudba_address = 0x4000
                0x00004000                _bmxdupba_address = 0x4000

/DISCARD/
 *(.pdr)
 *(.rel.dyn)
 *(.note.GNU-stack)
 *(.note.GNU-stack)
 *(.gnu_debuglink)
 *(.gnu.lto_*)
 *(.discard)

.gptab.sdata
 *(.gptab.data)
 *(.gptab.sdata)

.gptab.sbss
 *(.gptab.bss)
 *(.gptab.sbss)

.mdebug.abi32   0xa0000fac        0x0
 *(.mdebug.abi32)
 .mdebug.abi32  0xa0000fac        0x0 build/default/production/_ext/1047219354/drv_oc_static.o
 .mdebug.abi32  0xa0000fac        0x0 build/default/production/_ext/977502197/drv_spi_tasks.o
 .mdebug.abi32  0xa0000fac        0x0 build/default/production/_ext/977502197/drv_spi_api.o
 .mdebug.abi32  0xa0000fac        0x0 build/default/production/_ext/977502197/drv_spi_master_rm_tasks.o
 .mdebug.abi32  0xa0000fac        0x0 build/default/production/_ext/1407244131/drv_tmr_static.o
 .mdebug.abi32  0xa0000fac        0x0 build/default/production/_ext/1407244131/drv_tmr_mapping.o
 .mdebug.abi32  0xa0000fac        0x0 build/default/production/_ext/327000265/drv_usart_mapping.o
 .mdebug.abi32  0xa0000fac        0x0 build/default/production/_ext/327000265/drv_usart_static.o
 .mdebug.abi32  0xa0000fac        0x0 build/default/production/_ext/327000265/drv_usart_static_byte_model.o
 .mdebug.abi32  0xa0000fac        0x0 build/default/production/_ext/639803181/sys_clk_static.o
 .mdebug.abi32  0xa0000fac        0x0 build/default/production/_ext/822048611/sys_ports_static.o
 .mdebug.abi32  0xa0000fac        0x0 build/default/production/_ext/1688732426/system_init.o
 .mdebug.abi32  0xa0000fac        0x0 build/default/production/_ext/1688732426/system_interrupt.o
 .mdebug.abi32  0xa0000fac        0x0 build/default/production/_ext/1688732426/system_exceptions.o
 .mdebug.abi32  0xa0000fac        0x0 build/default/production/_ext/1688732426/system_tasks.o
 .mdebug.abi32  0xa0000fac        0x0 build/default/production/_ext/1360937237/app.o
 .mdebug.abi32  0xa0000fac        0x0 build/default/production/_ext/1360937237/main.o
 .mdebug.abi32  0xa0000fac        0x0 build/default/production/_ext/1360937237/delay.o
 .mdebug.abi32  0xa0000fac        0x0 build/default/production/_ext/1360937237/bmc150.o
 .mdebug.abi32  0xa0000fac        0x0 build/default/production/_ext/568870469/drv_spi.o
 .mdebug.abi32  0xa0000fac        0x0 build/default/production/_ext/465164171/drv_spi_sys_queue_fifo.o
 .mdebug.abi32  0xa0000fac        0x0 build/default/production/_ext/919202535/drv_sst25vf064c.o
 .mdebug.abi32  0xa0000fac        0x0 build/default/production/_ext/1271179505/sys_devcon.o
 .mdebug.abi32  0xa0000fac        0x0 build/default/production/_ext/1271179505/sys_devcon_pic32mx.o
 .mdebug.abi32  0xa0000fac        0x0 build/default/production/_ext/122796885/sys_int_pic32.o
 .mdebug.abi32  0xa0000fac        0x0 build/default/production/_ext/77319752/sys_ports.o
 .mdebug.abi32  0xa0000fac        0x0 build/default/production/_ext/813494389/sys_reset.o
 .mdebug.abi32  0xa0000fac        0x0 build/default/production/_ext/623344979/sys_wdt.o
 .mdebug.abi32  0xa0000fac        0x0 build/default/production/_ext/659856560/gps_config.o
 .mdebug.abi32  0xa0000fac        0x0 build/default/production/_ext/659856560/gps_uart.o
 .mdebug.abi32  0xa0000fac        0x0 c:/program files/microchip/xc32/v2.41/bin/bin/../../lib/gcc/pic32mx/4.8.3/../../../../pic32mx/lib\libpic32.a(default-bootstrap-exception-handler.o)
 .mdebug.abi32  0xa0000fac        0x0 c:/program files/microchip/xc32/v2.41/bin/bin/../../lib/gcc/pic32mx/4.8.3/../../../../pic32mx/lib\libpic32.a(default-on-reset.o)
 .mdebug.abi32  0xa0000fac        0x0 c:/program files/microchip/xc32/v2.41/bin/bin/../../lib/gcc/pic32mx/4.8.3/../../../../pic32mx/lib\libpic32.a(default-on-bootstrap.o)
 .mdebug.abi32  0xa0000fac        0x0 c:/program files/microchip/xc32/v2.41/bin/bin/../../lib/gcc/pic32mx/4.8.3/../../../../pic32mx/lib\libpic32.a(defaultinterrupt.o)
 .mdebug.abi32  0xa0000fac        0x0 c:/program files/microchip/xc32/v2.41/bin/bin/../../lib/gcc/pic32mx/4.8.3/../../../../pic32mx/lib\libc.a(atoi.o)
 .mdebug.abi32  0xa0000fac        0x0 c:/program files/microchip/xc32/v2.41/bin/bin/../../lib/gcc/pic32mx/4.8.3/../../../../pic32mx/lib\libc.a(ctype.o)
 .mdebug.abi32  0xa0000fac        0x0 c:/program files/microchip/xc32/v2.41/bin/bin/../../lib/gcc/pic32mx/4.8.3/../../../../pic32mx/lib\libc.a(itoa.o)
 .mdebug.abi32  0xa0000fac        0x0 c:/program files/microchip/xc32/v2.41/bin/bin/../../lib/gcc/pic32mx/4.8.3/../../../../pic32mx/lib\libc.a(mktime.o)
 .mdebug.abi32  0xa0000fac        0x0 c:/program files/microchip/xc32/v2.41/bin/bin/../../lib/gcc/pic32mx/4.8.3/../../../../pic32mx/lib\libc.a(strcat.o)
 .mdebug.abi32  0xa0000fac        0x0 c:/program files/microchip/xc32/v2.41/bin/bin/../../lib/gcc/pic32mx/4.8.3/../../../../pic32mx/lib\libc.a(strncpy.o)
 .mdebug.abi32  0xa0000fac        0x0 c:/program files/microchip/xc32/v2.41/bin/bin/../../lib/gcc/pic32mx/4.8.3/../../../../pic32mx/lib\libc.a(strstr.o)
 .mdebug.abi32  0xa0000fac        0x0 c:/program files/microchip/xc32/v2.41/bin/bin/../../lib/gcc/pic32mx/4.8.3/../../../../pic32mx/lib\libc.a(strtok.o)
 .mdebug.abi32  0xa0000fac        0x0 c:/program files/microchip/xc32/v2.41/bin/bin/../../lib/gcc/pic32mx/4.8.3/../../../../pic32mx/lib\libc.a(datof.o)
 .mdebug.abi32  0xa0000fac        0x0 c:/program files/microchip/xc32/v2.41/bin/bin/../../lib/gcc/pic32mx/4.8.3/../../../../pic32mx/lib\libc.a(strchr.o)
 .mdebug.abi32  0xa0000fac        0x0 c:/program files/microchip/xc32/v2.41/bin/bin/../../lib/gcc/pic32mx/4.8.3/../../../../pic32mx/lib\libc.a(strcspn.o)
 .mdebug.abi32  0xa0000fac        0x0 c:/program files/microchip/xc32/v2.41/bin/bin/../../lib/gcc/pic32mx/4.8.3/../../../../pic32mx/lib\libc.a(strncmp.o)
 .mdebug.abi32  0xa0000fac        0x0 c:/program files/microchip/xc32/v2.41/bin/bin/../../lib/gcc/pic32mx/4.8.3/../../../../pic32mx/lib\libc.a(strspn.o)
 .mdebug.abi32  0xa0000fac        0x0 c:/program files/microchip/xc32/v2.41/bin/bin/../../lib/gcc/pic32mx/4.8.3/../../../../pic32mx/lib\libc.a(strtod.o)
 .mdebug.abi32  0xa0000fac        0x0 c:/program files/microchip/xc32/v2.41/bin/bin/../../lib/gcc/pic32mx/4.8.3/../../../../pic32mx/lib\libm.a(__strtod.o)
 .mdebug.abi32  0xa0000fac        0x0 c:/program files/microchip/xc32/v2.41/bin/bin/../../lib/gcc/pic32mx/4.8.3/../../../../pic32mx/lib\libe.a(_ldexp.o)
 .mdebug.abi32  0xa0000fac        0x0 c:/program files/microchip/xc32/v2.41/bin/bin/../../lib/gcc/pic32mx/4.8.3\libgcc.a(_lshrdi3.o)
 .mdebug.abi32  0xa0000fac        0x0 c:/program files/microchip/xc32/v2.41/bin/bin/../../lib/gcc/pic32mx/4.8.3\libgcc.a(_ashldi3.o)
 .mdebug.abi32  0xa0000fac        0x0 c:/program files/microchip/xc32/v2.41/bin/bin/../../lib/gcc/pic32mx/4.8.3/../../../../pic32mx/lib\libpic32.a(errno.o)

.mdebug.abiN32
 *(.mdebug.abiN32)

.mdebug.abi64
 *(.mdebug.abi64)

.mdebug.abiO64
 *(.mdebug.abiO64)

.mdebug.eabi32
 *(.mdebug.eabi32)

.mdebug.eabi64
 *(.mdebug.eabi64)

.gcc_compiled_long32
 *(.gcc_compiled_long32)

.gcc_compiled_long64
 *(.gcc_compiled_long64)

.stab
 *(.stab)

.stabstr
 *(.stabstr)

.stab.excl
 *(.stab.excl)

.stab.exclstr
 *(.stab.exclstr)

.stab.index
 *(.stab.index)

.stab.indexstr
 *(.stab.indexstr)

.comment        0x00000000      0x1c1
 *(.comment)
 .comment       0x00000000       0x3c build/default/production/_ext/1047219354/drv_oc_static.o
                                 0x3d (size before relaxing)
 .comment       0x00000000       0x3d build/default/production/_ext/977502197/drv_spi_tasks.o
 .comment       0x00000000       0x3d build/default/production/_ext/977502197/drv_spi_api.o
 .comment       0x00000000       0x3d build/default/production/_ext/977502197/drv_spi_master_rm_tasks.o
 .comment       0x00000000       0x3d build/default/production/_ext/1407244131/drv_tmr_static.o
 .comment       0x00000000       0x3d build/default/production/_ext/1407244131/drv_tmr_mapping.o
 .comment       0x00000000       0x3d build/default/production/_ext/327000265/drv_usart_mapping.o
 .comment       0x00000000       0x3d build/default/production/_ext/327000265/drv_usart_static.o
 .comment       0x00000000       0x3d build/default/production/_ext/327000265/drv_usart_static_byte_model.o
 .comment       0x00000000       0x3d build/default/production/_ext/639803181/sys_clk_static.o
 .comment       0x00000000       0x3d build/default/production/_ext/822048611/sys_ports_static.o
 .comment       0x00000000       0x3d build/default/production/_ext/1688732426/system_init.o
 .comment       0x00000000       0x3d build/default/production/_ext/1688732426/system_interrupt.o
 .comment       0x00000000       0x3d build/default/production/_ext/1688732426/system_exceptions.o
 .comment       0x00000000       0x3d build/default/production/_ext/1688732426/system_tasks.o
 .comment       0x00000000       0x3d build/default/production/_ext/1360937237/app.o
 .comment       0x00000000       0x3d build/default/production/_ext/1360937237/main.o
 .comment       0x00000000       0x3d build/default/production/_ext/1360937237/delay.o
 .comment       0x00000000       0x3d build/default/production/_ext/1360937237/bmc150.o
 .comment       0x00000000       0x3d build/default/production/_ext/568870469/drv_spi.o
 .comment       0x00000000       0x3d build/default/production/_ext/465164171/drv_spi_sys_queue_fifo.o
 .comment       0x00000000       0x3d build/default/production/_ext/919202535/drv_sst25vf064c.o
 .comment       0x00000000       0x3d build/default/production/_ext/1271179505/sys_devcon.o
 .comment       0x00000000       0x3d build/default/production/_ext/1271179505/sys_devcon_pic32mx.o
 .comment       0x00000000       0x3d build/default/production/_ext/122796885/sys_int_pic32.o
 .comment       0x00000000       0x3d build/default/production/_ext/77319752/sys_ports.o
 .comment       0x00000000       0x3d build/default/production/_ext/813494389/sys_reset.o
 .comment       0x00000000       0x3d build/default/production/_ext/623344979/sys_wdt.o
 .comment       0x00000000       0x3d build/default/production/_ext/659856560/gps_config.o
 .comment       0x00000000       0x3d build/default/production/_ext/659856560/gps_uart.o
 .comment       0x0000003c       0x18 c:/program files/microchip/xc32/v2.41/bin/bin/../../lib/gcc/pic32mx/4.8.3/../../../../pic32mx/lib\libpic32.a(memset.o)
                                 0x19 (size before relaxing)
 .comment       0x00000054       0x19 c:/program files/microchip/xc32/v2.41/bin/bin/../../lib/gcc/pic32mx/4.8.3/../../../../pic32mx/lib\libpic32.a(strcpy.o)
                                 0x1a (size before relaxing)
 .comment       0x0000006d       0x19 c:/program files/microchip/xc32/v2.41/bin/bin/../../lib/gcc/pic32mx/4.8.3/../../../../pic32mx/lib\libpic32.a(strlen.o)
                                 0x1a (size before relaxing)
 .comment       0x00000000       0x3d c:/program files/microchip/xc32/v2.41/bin/bin/../../lib/gcc/pic32mx/4.8.3/../../../../pic32mx/lib\libpic32.a(default-bootstrap-exception-handler.o)
 .comment       0x00000000       0x3d c:/program files/microchip/xc32/v2.41/bin/bin/../../lib/gcc/pic32mx/4.8.3/../../../../pic32mx/lib\libpic32.a(default-on-reset.o)
 .comment       0x00000000       0x3d c:/program files/microchip/xc32/v2.41/bin/bin/../../lib/gcc/pic32mx/4.8.3/../../../../pic32mx/lib\libpic32.a(default-on-bootstrap.o)
 .comment       0x00000000       0x3d c:/program files/microchip/xc32/v2.41/bin/bin/../../lib/gcc/pic32mx/4.8.3/../../../../pic32mx/lib\libpic32.a(defaultinterrupt.o)
 .comment       0x00000000       0x3d c:/program files/microchip/xc32/v2.41/bin/bin/../../lib/gcc/pic32mx/4.8.3/../../../../pic32mx/lib\libc.a(atoi.o)
 .comment       0x00000086       0x4e c:/program files/microchip/xc32/v2.41/bin/bin/../../lib/gcc/pic32mx/4.8.3/../../../../pic32mx/lib\libc.a(ctype.o)
                                 0x8b (size before relaxing)
 .comment       0x00000000       0x3d c:/program files/microchip/xc32/v2.41/bin/bin/../../lib/gcc/pic32mx/4.8.3/../../../../pic32mx/lib\libc.a(itoa.o)
 .comment       0x00000000       0x3d c:/program files/microchip/xc32/v2.41/bin/bin/../../lib/gcc/pic32mx/4.8.3/../../../../pic32mx/lib\libc.a(mktime.o)
 .comment       0x00000000       0x3d c:/program files/microchip/xc32/v2.41/bin/bin/../../lib/gcc/pic32mx/4.8.3/../../../../pic32mx/lib\libc.a(strcat.o)
 .comment       0x00000000       0x3d c:/program files/microchip/xc32/v2.41/bin/bin/../../lib/gcc/pic32mx/4.8.3/../../../../pic32mx/lib\libc.a(strncpy.o)
 .comment       0x00000000       0x3d c:/program files/microchip/xc32/v2.41/bin/bin/../../lib/gcc/pic32mx/4.8.3/../../../../pic32mx/lib\libc.a(strstr.o)
 .comment       0x00000000       0x3d c:/program files/microchip/xc32/v2.41/bin/bin/../../lib/gcc/pic32mx/4.8.3/../../../../pic32mx/lib\libc.a(strtok.o)
 .comment       0x00000000       0x3d c:/program files/microchip/xc32/v2.41/bin/bin/../../lib/gcc/pic32mx/4.8.3/../../../../pic32mx/lib\libc.a(datof.o)
 .comment       0x00000000       0x3d c:/program files/microchip/xc32/v2.41/bin/bin/../../lib/gcc/pic32mx/4.8.3/../../../../pic32mx/lib\libc.a(strchr.o)
 .comment       0x00000000       0x3d c:/program files/microchip/xc32/v2.41/bin/bin/../../lib/gcc/pic32mx/4.8.3/../../../../pic32mx/lib\libc.a(strcspn.o)
 .comment       0x00000000       0x3d c:/program files/microchip/xc32/v2.41/bin/bin/../../lib/gcc/pic32mx/4.8.3/../../../../pic32mx/lib\libc.a(strncmp.o)
 .comment       0x00000000       0x3d c:/program files/microchip/xc32/v2.41/bin/bin/../../lib/gcc/pic32mx/4.8.3/../../../../pic32mx/lib\libc.a(strspn.o)
 .comment       0x00000000       0x3d c:/program files/microchip/xc32/v2.41/bin/bin/../../lib/gcc/pic32mx/4.8.3/../../../../pic32mx/lib\libc.a(strtod.o)
 .comment       0x000000d4       0x9d c:/program files/microchip/xc32/v2.41/bin/bin/../../lib/gcc/pic32mx/4.8.3/../../../../pic32mx/lib\libm.a(__strtod.o)
                                 0xda (size before relaxing)
 .comment       0x00000171       0x50 c:/program files/microchip/xc32/v2.41/bin/bin/../../lib/gcc/pic32mx/4.8.3/../../../../pic32mx/lib\libe.a(_ldexp.o)
                                 0xdb (size before relaxing)
 .comment       0x00000000       0x3d c:/program files/microchip/xc32/v2.41/bin/bin/../../lib/gcc/pic32mx/4.8.3\libgcc.a(_lshrdi3.o)
 .comment       0x00000000       0x3d c:/program files/microchip/xc32/v2.41/bin/bin/../../lib/gcc/pic32mx/4.8.3\libgcc.a(_ashldi3.o)
 .comment       0x00000000       0x3d c:/program files/microchip/xc32/v2.41/bin/bin/../../lib/gcc/pic32mx/4.8.3/../../../../pic32mx/lib\libpic32.a(errno.o)

.debug
 *(.debug)

.line
 *(.line)

.debug_srcinfo
 *(.debug_srcinfo)

.debug_sfnames
 *(.debug_sfnames)

.debug_aranges  0x00000000      0xea8
 *(.debug_aranges)
 .debug_aranges
                0x00000000       0x50 build/default/production/_ext/1047219354/drv_oc_static.o
 .debug_aranges
                0x00000050       0x20 build/default/production/_ext/977502197/drv_spi_tasks.o
 .debug_aranges
                0x00000070       0x28 build/default/production/_ext/977502197/drv_spi_api.o
 .debug_aranges
                0x00000098       0x28 build/default/production/_ext/977502197/drv_spi_master_rm_tasks.o
 .debug_aranges
                0x000000c0      0x168 build/default/production/_ext/1407244131/drv_tmr_static.o
 .debug_aranges
                0x00000228       0xc8 build/default/production/_ext/1407244131/drv_tmr_mapping.o
 .debug_aranges
                0x000002f0       0xa8 build/default/production/_ext/327000265/drv_usart_mapping.o
 .debug_aranges
                0x00000398       0xd8 build/default/production/_ext/327000265/drv_usart_static.o
 .debug_aranges
                0x00000470       0x78 build/default/production/_ext/327000265/drv_usart_static_byte_model.o
 .debug_aranges
                0x000004e8       0x50 build/default/production/_ext/639803181/sys_clk_static.o
 .debug_aranges
                0x00000538       0x20 build/default/production/_ext/822048611/sys_ports_static.o
 .debug_aranges
                0x00000558       0x20 build/default/production/_ext/1688732426/system_init.o
 .debug_aranges
                0x00000578       0x50 build/default/production/_ext/1688732426/system_interrupt.o
 .debug_aranges
                0x000005c8       0x20 build/default/production/_ext/1688732426/system_exceptions.o
 .debug_aranges
                0x000005e8       0x20 build/default/production/_ext/1688732426/system_tasks.o
 .debug_aranges
                0x00000608       0x30 build/default/production/_ext/1360937237/app.o
 .debug_aranges
                0x00000638       0x20 build/default/production/_ext/1360937237/main.o
 .debug_aranges
                0x00000658       0x28 build/default/production/_ext/1360937237/delay.o
 .debug_aranges
                0x00000680       0x60 build/default/production/_ext/1360937237/bmc150.o
 .debug_aranges
                0x000006e0       0x98 build/default/production/_ext/568870469/drv_spi.o
 .debug_aranges
                0x00000778       0xd8 build/default/production/_ext/465164171/drv_spi_sys_queue_fifo.o
 .debug_aranges
                0x00000850       0x98 build/default/production/_ext/919202535/drv_sst25vf064c.o
 .debug_aranges
                0x000008e8       0x78 build/default/production/_ext/1271179505/sys_devcon.o
 .debug_aranges
                0x00000960       0x20 build/default/production/_ext/1271179505/sys_devcon_pic32mx.o
 .debug_aranges
                0x00000980       0x48 build/default/production/_ext/122796885/sys_int_pic32.o
 .debug_aranges
                0x000009c8      0x100 build/default/production/_ext/77319752/sys_ports.o
 .debug_aranges
                0x00000ac8       0x38 build/default/production/_ext/813494389/sys_reset.o
 .debug_aranges
                0x00000b00       0x30 build/default/production/_ext/623344979/sys_wdt.o
 .debug_aranges
                0x00000b30       0x60 build/default/production/_ext/659856560/gps_config.o
 .debug_aranges
                0x00000b90       0x68 build/default/production/_ext/659856560/gps_uart.o
 .debug_aranges
                0x00000bf8       0x20 c:/program files/microchip/xc32/v2.41/bin/bin/../../lib/gcc/pic32mx/4.8.3/../../../../pic32mx/lib\libpic32.a(default-bootstrap-exception-handler.o)
 .debug_aranges
                0x00000c18       0x20 c:/program files/microchip/xc32/v2.41/bin/bin/../../lib/gcc/pic32mx/4.8.3/../../../../pic32mx/lib\libpic32.a(default-on-reset.o)
 .debug_aranges
                0x00000c38       0x20 c:/program files/microchip/xc32/v2.41/bin/bin/../../lib/gcc/pic32mx/4.8.3/../../../../pic32mx/lib\libpic32.a(default-on-bootstrap.o)
 .debug_aranges
                0x00000c58       0x20 c:/program files/microchip/xc32/v2.41/bin/bin/../../lib/gcc/pic32mx/4.8.3/../../../../pic32mx/lib\libpic32.a(defaultinterrupt.o)
 .debug_aranges
                0x00000c78       0x20 c:/program files/microchip/xc32/v2.41/bin/bin/../../lib/gcc/pic32mx/4.8.3/../../../../pic32mx/lib\libc.a(atoi.o)
 .debug_aranges
                0x00000c98       0x28 c:/program files/microchip/xc32/v2.41/bin/bin/../../lib/gcc/pic32mx/4.8.3/../../../../pic32mx/lib\libc.a(itoa.o)
 .debug_aranges
                0x00000cc0       0x20 c:/program files/microchip/xc32/v2.41/bin/bin/../../lib/gcc/pic32mx/4.8.3/../../../../pic32mx/lib\libc.a(mktime.o)
 .debug_aranges
                0x00000ce0       0x20 c:/program files/microchip/xc32/v2.41/bin/bin/../../lib/gcc/pic32mx/4.8.3/../../../../pic32mx/lib\libc.a(strcat.o)
 .debug_aranges
                0x00000d00       0x20 c:/program files/microchip/xc32/v2.41/bin/bin/../../lib/gcc/pic32mx/4.8.3/../../../../pic32mx/lib\libc.a(strncpy.o)
 .debug_aranges
                0x00000d20       0x20 c:/program files/microchip/xc32/v2.41/bin/bin/../../lib/gcc/pic32mx/4.8.3/../../../../pic32mx/lib\libc.a(strstr.o)
 .debug_aranges
                0x00000d40       0x20 c:/program files/microchip/xc32/v2.41/bin/bin/../../lib/gcc/pic32mx/4.8.3/../../../../pic32mx/lib\libc.a(strtok.o)
 .debug_aranges
                0x00000d60       0x20 c:/program files/microchip/xc32/v2.41/bin/bin/../../lib/gcc/pic32mx/4.8.3/../../../../pic32mx/lib\libc.a(datof.o)
 .debug_aranges
                0x00000d80       0x20 c:/program files/microchip/xc32/v2.41/bin/bin/../../lib/gcc/pic32mx/4.8.3/../../../../pic32mx/lib\libc.a(strchr.o)
 .debug_aranges
                0x00000da0       0x20 c:/program files/microchip/xc32/v2.41/bin/bin/../../lib/gcc/pic32mx/4.8.3/../../../../pic32mx/lib\libc.a(strcspn.o)
 .debug_aranges
                0x00000dc0       0x20 c:/program files/microchip/xc32/v2.41/bin/bin/../../lib/gcc/pic32mx/4.8.3/../../../../pic32mx/lib\libc.a(strncmp.o)
 .debug_aranges
                0x00000de0       0x20 c:/program files/microchip/xc32/v2.41/bin/bin/../../lib/gcc/pic32mx/4.8.3/../../../../pic32mx/lib\libc.a(strspn.o)
 .debug_aranges
                0x00000e00       0x28 c:/program files/microchip/xc32/v2.41/bin/bin/../../lib/gcc/pic32mx/4.8.3/../../../../pic32mx/lib\libc.a(strtod.o)
 .debug_aranges
                0x00000e28       0x20 c:/program files/microchip/xc32/v2.41/bin/bin/../../lib/gcc/pic32mx/4.8.3/../../../../pic32mx/lib\libm.a(__strtod.o)
 .debug_aranges
                0x00000e48       0x20 c:/program files/microchip/xc32/v2.41/bin/bin/../../lib/gcc/pic32mx/4.8.3/../../../../pic32mx/lib\libe.a(_ldexp.o)
 .debug_aranges
                0x00000e68       0x20 c:/program files/microchip/xc32/v2.41/bin/bin/../../lib/gcc/pic32mx/4.8.3\libgcc.a(_lshrdi3.o)
 .debug_aranges
                0x00000e88       0x20 c:/program files/microchip/xc32/v2.41/bin/bin/../../lib/gcc/pic32mx/4.8.3\libgcc.a(_ashldi3.o)

.debug_pubnames
 *(.debug_pubnames)

.debug_info     0x00000000    0x3b144
 *(.debug_info .gnu.linkonce.wi.*)
 .debug_info    0x00000000     0x1071 build/default/production/_ext/1047219354/drv_oc_static.o
 .debug_info    0x00001071     0x2545 build/default/production/_ext/977502197/drv_spi_tasks.o
 .debug_info    0x000035b6     0x4cf5 build/default/production/_ext/977502197/drv_spi_api.o
 .debug_info    0x000082ab     0x1dac build/default/production/_ext/977502197/drv_spi_master_rm_tasks.o
 .debug_info    0x0000a057     0x467a build/default/production/_ext/1407244131/drv_tmr_static.o
 .debug_info    0x0000e6d1     0x14c5 build/default/production/_ext/1407244131/drv_tmr_mapping.o
 .debug_info    0x0000fb96     0x1d97 build/default/production/_ext/327000265/drv_usart_mapping.o
 .debug_info    0x0001192d     0x41cd build/default/production/_ext/327000265/drv_usart_static.o
 .debug_info    0x00015afa     0x1b9f build/default/production/_ext/327000265/drv_usart_static_byte_model.o
 .debug_info    0x00017699     0x19c1 build/default/production/_ext/639803181/sys_clk_static.o
 .debug_info    0x0001905a     0x1f2b build/default/production/_ext/822048611/sys_ports_static.o
 .debug_info    0x0001af85     0x341a build/default/production/_ext/1688732426/system_init.o
 .debug_info    0x0001e39f     0x288f build/default/production/_ext/1688732426/system_interrupt.o
 .debug_info    0x00020c2e      0xd7a build/default/production/_ext/1688732426/system_exceptions.o
 .debug_info    0x000219a8      0xba6 build/default/production/_ext/1688732426/system_tasks.o
 .debug_info    0x0002254e     0x1286 build/default/production/_ext/1360937237/app.o
 .debug_info    0x000237d4      0x19a build/default/production/_ext/1360937237/main.o
 .debug_info    0x0002396e      0x12c build/default/production/_ext/1360937237/delay.o
 .debug_info    0x00023a9a      0xad6 build/default/production/_ext/1360937237/bmc150.o
 .debug_info    0x00024570     0x4baa build/default/production/_ext/568870469/drv_spi.o
 .debug_info    0x0002911a     0x1b4d build/default/production/_ext/465164171/drv_spi_sys_queue_fifo.o
 .debug_info    0x0002ac67     0x2ba5 build/default/production/_ext/919202535/drv_sst25vf064c.o
 .debug_info    0x0002d80c      0xf18 build/default/production/_ext/1271179505/sys_devcon.o
 .debug_info    0x0002e724      0x728 build/default/production/_ext/1271179505/sys_devcon_pic32mx.o
 .debug_info    0x0002ee4c     0x1259 build/default/production/_ext/122796885/sys_int_pic32.o
 .debug_info    0x000300a5     0x3875 build/default/production/_ext/77319752/sys_ports.o
 .debug_info    0x0003391a      0xa57 build/default/production/_ext/813494389/sys_reset.o
 .debug_info    0x00034371      0x77c build/default/production/_ext/623344979/sys_wdt.o
 .debug_info    0x00034aed     0x2638 build/default/production/_ext/659856560/gps_config.o
 .debug_info    0x00037125     0x2a59 build/default/production/_ext/659856560/gps_uart.o
 .debug_info    0x00039b7e       0xf4 c:/program files/microchip/xc32/v2.41/bin/bin/../../lib/gcc/pic32mx/4.8.3/../../../../pic32mx/lib\libpic32.a(default-bootstrap-exception-handler.o)
 .debug_info    0x00039c72       0xcd c:/program files/microchip/xc32/v2.41/bin/bin/../../lib/gcc/pic32mx/4.8.3/../../../../pic32mx/lib\libpic32.a(default-on-reset.o)
 .debug_info    0x00039d3f       0xd5 c:/program files/microchip/xc32/v2.41/bin/bin/../../lib/gcc/pic32mx/4.8.3/../../../../pic32mx/lib\libpic32.a(default-on-bootstrap.o)
 .debug_info    0x00039e14       0xe7 c:/program files/microchip/xc32/v2.41/bin/bin/../../lib/gcc/pic32mx/4.8.3/../../../../pic32mx/lib\libpic32.a(defaultinterrupt.o)
 .debug_info    0x00039efb       0xc0 c:/program files/microchip/xc32/v2.41/bin/bin/../../lib/gcc/pic32mx/4.8.3/../../../../pic32mx/lib\libc.a(atoi.o)
 .debug_info    0x00039fbb       0xda c:/program files/microchip/xc32/v2.41/bin/bin/../../lib/gcc/pic32mx/4.8.3/../../../../pic32mx/lib\libc.a(itoa.o)
 .debug_info    0x0003a095      0x106 c:/program files/microchip/xc32/v2.41/bin/bin/../../lib/gcc/pic32mx/4.8.3/../../../../pic32mx/lib\libc.a(mktime.o)
 .debug_info    0x0003a19b       0xc4 c:/program files/microchip/xc32/v2.41/bin/bin/../../lib/gcc/pic32mx/4.8.3/../../../../pic32mx/lib\libc.a(strcat.o)
 .debug_info    0x0003a25f       0xc6 c:/program files/microchip/xc32/v2.41/bin/bin/../../lib/gcc/pic32mx/4.8.3/../../../../pic32mx/lib\libc.a(strncpy.o)
 .debug_info    0x0003a325       0xc4 c:/program files/microchip/xc32/v2.41/bin/bin/../../lib/gcc/pic32mx/4.8.3/../../../../pic32mx/lib\libc.a(strstr.o)
 .debug_info    0x0003a3e9       0xc4 c:/program files/microchip/xc32/v2.41/bin/bin/../../lib/gcc/pic32mx/4.8.3/../../../../pic32mx/lib\libc.a(strtok.o)
 .debug_info    0x0003a4ad       0xc3 c:/program files/microchip/xc32/v2.41/bin/bin/../../lib/gcc/pic32mx/4.8.3/../../../../pic32mx/lib\libc.a(datof.o)
 .debug_info    0x0003a570       0xc4 c:/program files/microchip/xc32/v2.41/bin/bin/../../lib/gcc/pic32mx/4.8.3/../../../../pic32mx/lib\libc.a(strchr.o)
 .debug_info    0x0003a634       0xc6 c:/program files/microchip/xc32/v2.41/bin/bin/../../lib/gcc/pic32mx/4.8.3/../../../../pic32mx/lib\libc.a(strcspn.o)
 .debug_info    0x0003a6fa       0xc6 c:/program files/microchip/xc32/v2.41/bin/bin/../../lib/gcc/pic32mx/4.8.3/../../../../pic32mx/lib\libc.a(strncmp.o)
 .debug_info    0x0003a7c0       0xc4 c:/program files/microchip/xc32/v2.41/bin/bin/../../lib/gcc/pic32mx/4.8.3/../../../../pic32mx/lib\libc.a(strspn.o)
 .debug_info    0x0003a884       0xf4 c:/program files/microchip/xc32/v2.41/bin/bin/../../lib/gcc/pic32mx/4.8.3/../../../../pic32mx/lib\libc.a(strtod.o)
 .debug_info    0x0003a978       0xd8 c:/program files/microchip/xc32/v2.41/bin/bin/../../lib/gcc/pic32mx/4.8.3/../../../../pic32mx/lib\libm.a(__strtod.o)
 .debug_info    0x0003aa50       0xd9 c:/program files/microchip/xc32/v2.41/bin/bin/../../lib/gcc/pic32mx/4.8.3/../../../../pic32mx/lib\libe.a(_ldexp.o)
 .debug_info    0x0003ab29      0x30c c:/program files/microchip/xc32/v2.41/bin/bin/../../lib/gcc/pic32mx/4.8.3\libgcc.a(_lshrdi3.o)
 .debug_info    0x0003ae35      0x30f c:/program files/microchip/xc32/v2.41/bin/bin/../../lib/gcc/pic32mx/4.8.3\libgcc.a(_ashldi3.o)

.debug_abbrev   0x00000000     0x44db
 *(.debug_abbrev)
 .debug_abbrev  0x00000000      0x1c1 build/default/production/_ext/1047219354/drv_oc_static.o
 .debug_abbrev  0x000001c1      0x2a3 build/default/production/_ext/977502197/drv_spi_tasks.o
 .debug_abbrev  0x00000464      0x2d1 build/default/production/_ext/977502197/drv_spi_api.o
 .debug_abbrev  0x00000735      0x1e4 build/default/production/_ext/977502197/drv_spi_master_rm_tasks.o
 .debug_abbrev  0x00000919      0x34a build/default/production/_ext/1407244131/drv_tmr_static.o
 .debug_abbrev  0x00000c63      0x268 build/default/production/_ext/1407244131/drv_tmr_mapping.o
 .debug_abbrev  0x00000ecb      0x22e build/default/production/_ext/327000265/drv_usart_mapping.o
 .debug_abbrev  0x000010f9      0x3d5 build/default/production/_ext/327000265/drv_usart_static.o
 .debug_abbrev  0x000014ce      0x1ae build/default/production/_ext/327000265/drv_usart_static_byte_model.o
 .debug_abbrev  0x0000167c      0x27b build/default/production/_ext/639803181/sys_clk_static.o
 .debug_abbrev  0x000018f7      0x138 build/default/production/_ext/822048611/sys_ports_static.o
 .debug_abbrev  0x00001a2f      0x2de build/default/production/_ext/1688732426/system_init.o
 .debug_abbrev  0x00001d0d      0x270 build/default/production/_ext/1688732426/system_interrupt.o
 .debug_abbrev  0x00001f7d       0xc3 build/default/production/_ext/1688732426/system_exceptions.o
 .debug_abbrev  0x00002040       0xc3 build/default/production/_ext/1688732426/system_tasks.o
 .debug_abbrev  0x00002103      0x15d build/default/production/_ext/1360937237/app.o
 .debug_abbrev  0x00002260       0x93 build/default/production/_ext/1360937237/main.o
 .debug_abbrev  0x000022f3       0x91 build/default/production/_ext/1360937237/delay.o
 .debug_abbrev  0x00002384      0x117 build/default/production/_ext/1360937237/bmc150.o
 .debug_abbrev  0x0000249b      0x4e0 build/default/production/_ext/568870469/drv_spi.o
 .debug_abbrev  0x0000297b      0x2c1 build/default/production/_ext/465164171/drv_spi_sys_queue_fifo.o
 .debug_abbrev  0x00002c3c      0x2ce build/default/production/_ext/919202535/drv_sst25vf064c.o
 .debug_abbrev  0x00002f0a      0x285 build/default/production/_ext/1271179505/sys_devcon.o
 .debug_abbrev  0x0000318f      0x162 build/default/production/_ext/1271179505/sys_devcon_pic32mx.o
 .debug_abbrev  0x000032f1      0x1d0 build/default/production/_ext/122796885/sys_int_pic32.o
 .debug_abbrev  0x000034c1      0x22f build/default/production/_ext/77319752/sys_ports.o
 .debug_abbrev  0x000036f0      0x18b build/default/production/_ext/813494389/sys_reset.o
 .debug_abbrev  0x0000387b      0x146 build/default/production/_ext/623344979/sys_wdt.o
 .debug_abbrev  0x000039c1      0x2d8 build/default/production/_ext/659856560/gps_config.o
 .debug_abbrev  0x00003c99      0x33e build/default/production/_ext/659856560/gps_uart.o
 .debug_abbrev  0x00003fd7       0x28 c:/program files/microchip/xc32/v2.41/bin/bin/../../lib/gcc/pic32mx/4.8.3/../../../../pic32mx/lib\libpic32.a(default-bootstrap-exception-handler.o)
 .debug_abbrev  0x00003fff       0x28 c:/program files/microchip/xc32/v2.41/bin/bin/../../lib/gcc/pic32mx/4.8.3/../../../../pic32mx/lib\libpic32.a(default-on-reset.o)
 .debug_abbrev  0x00004027       0x28 c:/program files/microchip/xc32/v2.41/bin/bin/../../lib/gcc/pic32mx/4.8.3/../../../../pic32mx/lib\libpic32.a(default-on-bootstrap.o)
 .debug_abbrev  0x0000404f       0x28 c:/program files/microchip/xc32/v2.41/bin/bin/../../lib/gcc/pic32mx/4.8.3/../../../../pic32mx/lib\libpic32.a(defaultinterrupt.o)
 .debug_abbrev  0x00004077       0x28 c:/program files/microchip/xc32/v2.41/bin/bin/../../lib/gcc/pic32mx/4.8.3/../../../../pic32mx/lib\libc.a(atoi.o)
 .debug_abbrev  0x0000409f       0x47 c:/program files/microchip/xc32/v2.41/bin/bin/../../lib/gcc/pic32mx/4.8.3/../../../../pic32mx/lib\libc.a(itoa.o)
 .debug_abbrev  0x000040e6       0x35 c:/program files/microchip/xc32/v2.41/bin/bin/../../lib/gcc/pic32mx/4.8.3/../../../../pic32mx/lib\libc.a(mktime.o)
 .debug_abbrev  0x0000411b       0x28 c:/program files/microchip/xc32/v2.41/bin/bin/../../lib/gcc/pic32mx/4.8.3/../../../../pic32mx/lib\libc.a(strcat.o)
 .debug_abbrev  0x00004143       0x28 c:/program files/microchip/xc32/v2.41/bin/bin/../../lib/gcc/pic32mx/4.8.3/../../../../pic32mx/lib\libc.a(strncpy.o)
 .debug_abbrev  0x0000416b       0x28 c:/program files/microchip/xc32/v2.41/bin/bin/../../lib/gcc/pic32mx/4.8.3/../../../../pic32mx/lib\libc.a(strstr.o)
 .debug_abbrev  0x00004193       0x28 c:/program files/microchip/xc32/v2.41/bin/bin/../../lib/gcc/pic32mx/4.8.3/../../../../pic32mx/lib\libc.a(strtok.o)
 .debug_abbrev  0x000041bb       0x28 c:/program files/microchip/xc32/v2.41/bin/bin/../../lib/gcc/pic32mx/4.8.3/../../../../pic32mx/lib\libc.a(datof.o)
 .debug_abbrev  0x000041e3       0x28 c:/program files/microchip/xc32/v2.41/bin/bin/../../lib/gcc/pic32mx/4.8.3/../../../../pic32mx/lib\libc.a(strchr.o)
 .debug_abbrev  0x0000420b       0x28 c:/program files/microchip/xc32/v2.41/bin/bin/../../lib/gcc/pic32mx/4.8.3/../../../../pic32mx/lib\libc.a(strcspn.o)
 .debug_abbrev  0x00004233       0x28 c:/program files/microchip/xc32/v2.41/bin/bin/../../lib/gcc/pic32mx/4.8.3/../../../../pic32mx/lib\libc.a(strncmp.o)
 .debug_abbrev  0x0000425b       0x28 c:/program files/microchip/xc32/v2.41/bin/bin/../../lib/gcc/pic32mx/4.8.3/../../../../pic32mx/lib\libc.a(strspn.o)
 .debug_abbrev  0x00004283       0x4f c:/program files/microchip/xc32/v2.41/bin/bin/../../lib/gcc/pic32mx/4.8.3/../../../../pic32mx/lib\libc.a(strtod.o)
 .debug_abbrev  0x000042d2       0x35 c:/program files/microchip/xc32/v2.41/bin/bin/../../lib/gcc/pic32mx/4.8.3/../../../../pic32mx/lib\libm.a(__strtod.o)
 .debug_abbrev  0x00004307       0x35 c:/program files/microchip/xc32/v2.41/bin/bin/../../lib/gcc/pic32mx/4.8.3/../../../../pic32mx/lib\libe.a(_ldexp.o)
 .debug_abbrev  0x0000433c       0xd7 c:/program files/microchip/xc32/v2.41/bin/bin/../../lib/gcc/pic32mx/4.8.3\libgcc.a(_lshrdi3.o)
 .debug_abbrev  0x00004413       0xc8 c:/program files/microchip/xc32/v2.41/bin/bin/../../lib/gcc/pic32mx/4.8.3\libgcc.a(_ashldi3.o)

.debug_line     0x00000000     0xa7e9
 *(.debug_line)
 .debug_line    0x00000000      0x3fb build/default/production/_ext/1047219354/drv_oc_static.o
 .debug_line    0x000003fb      0x63c build/default/production/_ext/977502197/drv_spi_tasks.o
 .debug_line    0x00000a37      0xc4c build/default/production/_ext/977502197/drv_spi_api.o
 .debug_line    0x00001683      0x558 build/default/production/_ext/977502197/drv_spi_master_rm_tasks.o
 .debug_line    0x00001bdb      0xabb build/default/production/_ext/1407244131/drv_tmr_static.o
 .debug_line    0x00002696      0x4ca build/default/production/_ext/1407244131/drv_tmr_mapping.o
 .debug_line    0x00002b60      0x466 build/default/production/_ext/327000265/drv_usart_mapping.o
 .debug_line    0x00002fc6      0x9b7 build/default/production/_ext/327000265/drv_usart_static.o
 .debug_line    0x0000397d      0x48e build/default/production/_ext/327000265/drv_usart_static_byte_model.o
 .debug_line    0x00003e0b      0x44e build/default/production/_ext/639803181/sys_clk_static.o
 .debug_line    0x00004259      0x439 build/default/production/_ext/822048611/sys_ports_static.o
 .debug_line    0x00004692      0x802 build/default/production/_ext/1688732426/system_init.o
 .debug_line    0x00004e94      0x6dc build/default/production/_ext/1688732426/system_interrupt.o
 .debug_line    0x00005570      0x212 build/default/production/_ext/1688732426/system_exceptions.o
 .debug_line    0x00005782      0x25c build/default/production/_ext/1688732426/system_tasks.o
 .debug_line    0x000059de      0x34d build/default/production/_ext/1360937237/app.o
 .debug_line    0x00005d2b       0xad build/default/production/_ext/1360937237/main.o
 .debug_line    0x00005dd8       0x80 build/default/production/_ext/1360937237/delay.o
 .debug_line    0x00005e58      0x153 build/default/production/_ext/1360937237/bmc150.o
 .debug_line    0x00005fab      0xa95 build/default/production/_ext/568870469/drv_spi.o
 .debug_line    0x00006a40      0x46e build/default/production/_ext/465164171/drv_spi_sys_queue_fifo.o
 .debug_line    0x00006eae      0x71b build/default/production/_ext/919202535/drv_sst25vf064c.o
 .debug_line    0x000075c9      0x597 build/default/production/_ext/1271179505/sys_devcon.o
 .debug_line    0x00007b60      0x374 build/default/production/_ext/1271179505/sys_devcon_pic32mx.o
 .debug_line    0x00007ed4      0x388 build/default/production/_ext/122796885/sys_int_pic32.o
 .debug_line    0x0000825c      0x790 build/default/production/_ext/77319752/sys_ports.o
 .debug_line    0x000089ec      0x3a2 build/default/production/_ext/813494389/sys_reset.o
 .debug_line    0x00008d8e      0x285 build/default/production/_ext/623344979/sys_wdt.o
 .debug_line    0x00009013      0x738 build/default/production/_ext/659856560/gps_config.o
 .debug_line    0x0000974b      0x551 build/default/production/_ext/659856560/gps_uart.o
 .debug_line    0x00009c9c       0xa6 c:/program files/microchip/xc32/v2.41/bin/bin/../../lib/gcc/pic32mx/4.8.3/../../../../pic32mx/lib\libpic32.a(default-bootstrap-exception-handler.o)
 .debug_line    0x00009d42       0x93 c:/program files/microchip/xc32/v2.41/bin/bin/../../lib/gcc/pic32mx/4.8.3/../../../../pic32mx/lib\libpic32.a(default-on-reset.o)
 .debug_line    0x00009dd5       0x97 c:/program files/microchip/xc32/v2.41/bin/bin/../../lib/gcc/pic32mx/4.8.3/../../../../pic32mx/lib\libpic32.a(default-on-bootstrap.o)
 .debug_line    0x00009e6c       0xa5 c:/program files/microchip/xc32/v2.41/bin/bin/../../lib/gcc/pic32mx/4.8.3/../../../../pic32mx/lib\libpic32.a(defaultinterrupt.o)
 .debug_line    0x00009f11       0x7c c:/program files/microchip/xc32/v2.41/bin/bin/../../lib/gcc/pic32mx/4.8.3/../../../../pic32mx/lib\libc.a(atoi.o)
 .debug_line    0x00009f8d        0x0 c:/program files/microchip/xc32/v2.41/bin/bin/../../lib/gcc/pic32mx/4.8.3/../../../../pic32mx/lib\libc.a(ctype.o)
 .debug_line    0x00009f8d       0x7c c:/program files/microchip/xc32/v2.41/bin/bin/../../lib/gcc/pic32mx/4.8.3/../../../../pic32mx/lib\libc.a(itoa.o)
 .debug_line    0x0000a009       0x7e c:/program files/microchip/xc32/v2.41/bin/bin/../../lib/gcc/pic32mx/4.8.3/../../../../pic32mx/lib\libc.a(mktime.o)
 .debug_line    0x0000a087       0x7e c:/program files/microchip/xc32/v2.41/bin/bin/../../lib/gcc/pic32mx/4.8.3/../../../../pic32mx/lib\libc.a(strcat.o)
 .debug_line    0x0000a105       0x7f c:/program files/microchip/xc32/v2.41/bin/bin/../../lib/gcc/pic32mx/4.8.3/../../../../pic32mx/lib\libc.a(strncpy.o)
 .debug_line    0x0000a184       0x7e c:/program files/microchip/xc32/v2.41/bin/bin/../../lib/gcc/pic32mx/4.8.3/../../../../pic32mx/lib\libc.a(strstr.o)
 .debug_line    0x0000a202       0x7e c:/program files/microchip/xc32/v2.41/bin/bin/../../lib/gcc/pic32mx/4.8.3/../../../../pic32mx/lib\libc.a(strtok.o)
 .debug_line    0x0000a280       0x7d c:/program files/microchip/xc32/v2.41/bin/bin/../../lib/gcc/pic32mx/4.8.3/../../../../pic32mx/lib\libc.a(datof.o)
 .debug_line    0x0000a2fd       0x7e c:/program files/microchip/xc32/v2.41/bin/bin/../../lib/gcc/pic32mx/4.8.3/../../../../pic32mx/lib\libc.a(strchr.o)
 .debug_line    0x0000a37b       0x7f c:/program files/microchip/xc32/v2.41/bin/bin/../../lib/gcc/pic32mx/4.8.3/../../../../pic32mx/lib\libc.a(strcspn.o)
 .debug_line    0x0000a3fa       0x7f c:/program files/microchip/xc32/v2.41/bin/bin/../../lib/gcc/pic32mx/4.8.3/../../../../pic32mx/lib\libc.a(strncmp.o)
 .debug_line    0x0000a479       0x7e c:/program files/microchip/xc32/v2.41/bin/bin/../../lib/gcc/pic32mx/4.8.3/../../../../pic32mx/lib\libc.a(strspn.o)
 .debug_line    0x0000a4f7       0x7e c:/program files/microchip/xc32/v2.41/bin/bin/../../lib/gcc/pic32mx/4.8.3/../../../../pic32mx/lib\libc.a(strtod.o)
 .debug_line    0x0000a575       0x88 c:/program files/microchip/xc32/v2.41/bin/bin/../../lib/gcc/pic32mx/4.8.3/../../../../pic32mx/lib\libm.a(__strtod.o)
 .debug_line    0x0000a5fd       0xa2 c:/program files/microchip/xc32/v2.41/bin/bin/../../lib/gcc/pic32mx/4.8.3/../../../../pic32mx/lib\libe.a(_ldexp.o)
 .debug_line    0x0000a69f       0xa5 c:/program files/microchip/xc32/v2.41/bin/bin/../../lib/gcc/pic32mx/4.8.3\libgcc.a(_lshrdi3.o)
 .debug_line    0x0000a744       0xa5 c:/program files/microchip/xc32/v2.41/bin/bin/../../lib/gcc/pic32mx/4.8.3\libgcc.a(_ashldi3.o)
 .debug_line    0x0000a7e9        0x0 c:/program files/microchip/xc32/v2.41/bin/bin/../../lib/gcc/pic32mx/4.8.3/../../../../pic32mx/lib\libpic32.a(errno.o)

.debug_frame    0x00000000     0x1fa4
 *(.debug_frame)
 .debug_frame   0x00000000       0x8c build/default/production/_ext/1047219354/drv_oc_static.o
 .debug_frame   0x0000008c       0x40 build/default/production/_ext/977502197/drv_spi_tasks.o
 .debug_frame   0x000000cc       0x44 build/default/production/_ext/977502197/drv_spi_api.o
 .debug_frame   0x00000110       0x30 build/default/production/_ext/977502197/drv_spi_master_rm_tasks.o
 .debug_frame   0x00000140      0x2d4 build/default/production/_ext/1407244131/drv_tmr_static.o
 .debug_frame   0x00000414      0x1f4 build/default/production/_ext/1407244131/drv_tmr_mapping.o
 .debug_frame   0x00000608      0x208 build/default/production/_ext/327000265/drv_usart_mapping.o
 .debug_frame   0x00000810      0x1f8 build/default/production/_ext/327000265/drv_usart_static.o
 .debug_frame   0x00000a08       0xd0 build/default/production/_ext/327000265/drv_usart_static_byte_model.o
 .debug_frame   0x00000ad8       0xa4 build/default/production/_ext/639803181/sys_clk_static.o
 .debug_frame   0x00000b7c       0x20 build/default/production/_ext/822048611/sys_ports_static.o
 .debug_frame   0x00000b9c       0x30 build/default/production/_ext/1688732426/system_init.o
 .debug_frame   0x00000bcc      0x190 build/default/production/_ext/1688732426/system_interrupt.o
 .debug_frame   0x00000d5c       0x28 build/default/production/_ext/1688732426/system_exceptions.o
 .debug_frame   0x00000d84       0x2c build/default/production/_ext/1688732426/system_tasks.o
 .debug_frame   0x00000db0       0x58 build/default/production/_ext/1360937237/app.o
 .debug_frame   0x00000e08       0x28 build/default/production/_ext/1360937237/main.o
 .debug_frame   0x00000e30       0x40 build/default/production/_ext/1360937237/delay.o
 .debug_frame   0x00000e70      0x11c build/default/production/_ext/1360937237/bmc150.o
 .debug_frame   0x00000f8c      0x1ec build/default/production/_ext/568870469/drv_spi.o
 .debug_frame   0x00001178      0x260 build/default/production/_ext/465164171/drv_spi_sys_queue_fifo.o
 .debug_frame   0x000013d8      0x1dc build/default/production/_ext/919202535/drv_sst25vf064c.o
 .debug_frame   0x000015b4       0xf4 build/default/production/_ext/1271179505/sys_devcon.o
 .debug_frame   0x000016a8       0x2c build/default/production/_ext/1271179505/sys_devcon_pic32mx.o
 .debug_frame   0x000016d4       0xa0 build/default/production/_ext/122796885/sys_int_pic32.o
 .debug_frame   0x00001774      0x1e0 build/default/production/_ext/77319752/sys_ports.o
 .debug_frame   0x00001954       0x50 build/default/production/_ext/813494389/sys_reset.o
 .debug_frame   0x000019a4       0x40 build/default/production/_ext/623344979/sys_wdt.o
 .debug_frame   0x000019e4      0x11c build/default/production/_ext/659856560/gps_config.o
 .debug_frame   0x00001b00      0x128 build/default/production/_ext/659856560/gps_uart.o
 .debug_frame   0x00001c28       0x2c c:/program files/microchip/xc32/v2.41/bin/bin/../../lib/gcc/pic32mx/4.8.3/../../../../pic32mx/lib\libpic32.a(default-bootstrap-exception-handler.o)
 .debug_frame   0x00001c54       0x20 c:/program files/microchip/xc32/v2.41/bin/bin/../../lib/gcc/pic32mx/4.8.3/../../../../pic32mx/lib\libpic32.a(default-on-reset.o)
 .debug_frame   0x00001c74       0x20 c:/program files/microchip/xc32/v2.41/bin/bin/../../lib/gcc/pic32mx/4.8.3/../../../../pic32mx/lib\libpic32.a(default-on-bootstrap.o)
 .debug_frame   0x00001c94       0x20 c:/program files/microchip/xc32/v2.41/bin/bin/../../lib/gcc/pic32mx/4.8.3/../../../../pic32mx/lib\libpic32.a(defaultinterrupt.o)
 .debug_frame   0x00001cb4       0x20 c:/program files/microchip/xc32/v2.41/bin/bin/../../lib/gcc/pic32mx/4.8.3/../../../../pic32mx/lib\libc.a(atoi.o)
 .debug_frame   0x00001cd4       0x30 c:/program files/microchip/xc32/v2.41/bin/bin/../../lib/gcc/pic32mx/4.8.3/../../../../pic32mx/lib\libc.a(itoa.o)
 .debug_frame   0x00001d04       0x20 c:/program files/microchip/xc32/v2.41/bin/bin/../../lib/gcc/pic32mx/4.8.3/../../../../pic32mx/lib\libc.a(mktime.o)
 .debug_frame   0x00001d24       0x20 c:/program files/microchip/xc32/v2.41/bin/bin/../../lib/gcc/pic32mx/4.8.3/../../../../pic32mx/lib\libc.a(strcat.o)
 .debug_frame   0x00001d44       0x20 c:/program files/microchip/xc32/v2.41/bin/bin/../../lib/gcc/pic32mx/4.8.3/../../../../pic32mx/lib\libc.a(strncpy.o)
 .debug_frame   0x00001d64       0x34 c:/program files/microchip/xc32/v2.41/bin/bin/../../lib/gcc/pic32mx/4.8.3/../../../../pic32mx/lib\libc.a(strstr.o)
 .debug_frame   0x00001d98       0x3c c:/program files/microchip/xc32/v2.41/bin/bin/../../lib/gcc/pic32mx/4.8.3/../../../../pic32mx/lib\libc.a(strtok.o)
 .debug_frame   0x00001dd4       0x2c c:/program files/microchip/xc32/v2.41/bin/bin/../../lib/gcc/pic32mx/4.8.3/../../../../pic32mx/lib\libc.a(datof.o)
 .debug_frame   0x00001e00       0x20 c:/program files/microchip/xc32/v2.41/bin/bin/../../lib/gcc/pic32mx/4.8.3/../../../../pic32mx/lib\libc.a(strchr.o)
 .debug_frame   0x00001e20       0x34 c:/program files/microchip/xc32/v2.41/bin/bin/../../lib/gcc/pic32mx/4.8.3/../../../../pic32mx/lib\libc.a(strcspn.o)
 .debug_frame   0x00001e54       0x20 c:/program files/microchip/xc32/v2.41/bin/bin/../../lib/gcc/pic32mx/4.8.3/../../../../pic32mx/lib\libc.a(strncmp.o)
 .debug_frame   0x00001e74       0x34 c:/program files/microchip/xc32/v2.41/bin/bin/../../lib/gcc/pic32mx/4.8.3/../../../../pic32mx/lib\libc.a(strspn.o)
 .debug_frame   0x00001ea8       0x48 c:/program files/microchip/xc32/v2.41/bin/bin/../../lib/gcc/pic32mx/4.8.3/../../../../pic32mx/lib\libc.a(strtod.o)
 .debug_frame   0x00001ef0       0x40 c:/program files/microchip/xc32/v2.41/bin/bin/../../lib/gcc/pic32mx/4.8.3/../../../../pic32mx/lib\libm.a(__strtod.o)
 .debug_frame   0x00001f30       0x34 c:/program files/microchip/xc32/v2.41/bin/bin/../../lib/gcc/pic32mx/4.8.3/../../../../pic32mx/lib\libe.a(_ldexp.o)
 .debug_frame   0x00001f64       0x20 c:/program files/microchip/xc32/v2.41/bin/bin/../../lib/gcc/pic32mx/4.8.3\libgcc.a(_lshrdi3.o)
 .debug_frame   0x00001f84       0x20 c:/program files/microchip/xc32/v2.41/bin/bin/../../lib/gcc/pic32mx/4.8.3\libgcc.a(_ashldi3.o)

.debug_str      0x00000000      0xa58
 *(.debug_str)
 .debug_str     0x00000000       0x1a build/default/production/_ext/1047219354/drv_oc_static.o
 .debug_str     0x0000001a       0x59 build/default/production/_ext/977502197/drv_spi_tasks.o
 .debug_str     0x00000073       0xc5 build/default/production/_ext/977502197/drv_spi_api.o
 .debug_str     0x00000138       0x1e build/default/production/_ext/977502197/drv_spi_master_rm_tasks.o
 .debug_str     0x00000156       0x80 build/default/production/_ext/1407244131/drv_tmr_static.o
 .debug_str     0x000001d6        0x7 build/default/production/_ext/1407244131/drv_tmr_mapping.o
 .debug_str     0x000001dd       0x23 build/default/production/_ext/327000265/drv_usart_mapping.o
 .debug_str     0x00000200       0xef build/default/production/_ext/327000265/drv_usart_static.o
 .debug_str     0x000002ef       0x10 build/default/production/_ext/327000265/drv_usart_static_byte_model.o
 .debug_str     0x000002ff       0x46 build/default/production/_ext/639803181/sys_clk_static.o
 .debug_str     0x00000345       0x56 build/default/production/_ext/822048611/sys_ports_static.o
 .debug_str     0x0000039b       0x40 build/default/production/_ext/1688732426/system_init.o
 .debug_str     0x000003db       0x17 build/default/production/_ext/1688732426/system_interrupt.o
 .debug_str     0x000003f2        0x0 build/default/production/_ext/1688732426/system_exceptions.o
 .debug_str     0x000003f2        0x0 build/default/production/_ext/1688732426/system_tasks.o
 .debug_str     0x000003f2        0x0 build/default/production/_ext/1360937237/app.o
 .debug_str     0x000003f2        0x0 build/default/production/_ext/1360937237/main.o
 .debug_str     0x000003f2        0x0 build/default/production/_ext/1360937237/delay.o
 .debug_str     0x000003f2      0x1b1 build/default/production/_ext/1360937237/bmc150.o
 .debug_str     0x000005a3      0x16f build/default/production/_ext/568870469/drv_spi.o
 .debug_str     0x00000712      0x147 build/default/production/_ext/465164171/drv_spi_sys_queue_fifo.o
 .debug_str     0x00000859       0xd3 build/default/production/_ext/919202535/drv_sst25vf064c.o
 .debug_str     0x0000092c       0x16 build/default/production/_ext/1271179505/sys_devcon.o
 .debug_str     0x00000942        0x6 build/default/production/_ext/1271179505/sys_devcon_pic32mx.o
 .debug_str     0x00000948       0x2d build/default/production/_ext/122796885/sys_int_pic32.o
 .debug_str     0x00000975       0x98 build/default/production/_ext/77319752/sys_ports.o
 .debug_str     0x00000a0d        0xd build/default/production/_ext/813494389/sys_reset.o
 .debug_str     0x00000a1a        0x6 build/default/production/_ext/623344979/sys_wdt.o
 .debug_str     0x00000a20       0x24 build/default/production/_ext/659856560/gps_config.o
 .debug_str     0x00000a44        0xb build/default/production/_ext/659856560/gps_uart.o
 .debug_str     0x00000a4f        0x0 c:/program files/microchip/xc32/v2.41/bin/bin/../../lib/gcc/pic32mx/4.8.3/../../../../pic32mx/lib\libpic32.a(default-bootstrap-exception-handler.o)
 .debug_str     0x00000a4f        0x0 c:/program files/microchip/xc32/v2.41/bin/bin/../../lib/gcc/pic32mx/4.8.3/../../../../pic32mx/lib\libpic32.a(default-on-reset.o)
 .debug_str     0x00000a4f        0x0 c:/program files/microchip/xc32/v2.41/bin/bin/../../lib/gcc/pic32mx/4.8.3/../../../../pic32mx/lib\libpic32.a(default-on-bootstrap.o)
 .debug_str     0x00000a4f        0x0 c:/program files/microchip/xc32/v2.41/bin/bin/../../lib/gcc/pic32mx/4.8.3/../../../../pic32mx/lib\libpic32.a(defaultinterrupt.o)
 .debug_str     0x00000a4f        0x0 c:/program files/microchip/xc32/v2.41/bin/bin/../../lib/gcc/pic32mx/4.8.3/../../../../pic32mx/lib\libc.a(atoi.o)
 .debug_str     0x00000a4f        0x0 c:/program files/microchip/xc32/v2.41/bin/bin/../../lib/gcc/pic32mx/4.8.3/../../../../pic32mx/lib\libc.a(ctype.o)
 .debug_str     0x00000a4f        0x0 c:/program files/microchip/xc32/v2.41/bin/bin/../../lib/gcc/pic32mx/4.8.3/../../../../pic32mx/lib\libc.a(itoa.o)
 .debug_str     0x00000a4f        0x0 c:/program files/microchip/xc32/v2.41/bin/bin/../../lib/gcc/pic32mx/4.8.3/../../../../pic32mx/lib\libc.a(mktime.o)
 .debug_str     0x00000a4f        0x0 c:/program files/microchip/xc32/v2.41/bin/bin/../../lib/gcc/pic32mx/4.8.3/../../../../pic32mx/lib\libc.a(strcat.o)
 .debug_str     0x00000a4f        0x0 c:/program files/microchip/xc32/v2.41/bin/bin/../../lib/gcc/pic32mx/4.8.3/../../../../pic32mx/lib\libc.a(strncpy.o)
 .debug_str     0x00000a4f        0x0 c:/program files/microchip/xc32/v2.41/bin/bin/../../lib/gcc/pic32mx/4.8.3/../../../../pic32mx/lib\libc.a(strstr.o)
 .debug_str     0x00000a4f        0x0 c:/program files/microchip/xc32/v2.41/bin/bin/../../lib/gcc/pic32mx/4.8.3/../../../../pic32mx/lib\libc.a(strtok.o)
 .debug_str     0x00000a4f        0x0 c:/program files/microchip/xc32/v2.41/bin/bin/../../lib/gcc/pic32mx/4.8.3/../../../../pic32mx/lib\libc.a(datof.o)